Archive member included to satisfy reference by file (symbol)

c:/st/stm32cubeide_1.11.0/stm32cubeide/plugins/com.st.stm32cube.ide.mcu.externaltools.gnu-tools-for-stm32.10.3-2021.10.win32_1.0.100.202210260954/tools/bin/../lib/gcc/arm-none-eabi/10.3.1/../../../../arm-none-eabi/lib/thumb/v7e-m+fp/hard\libc_nano.a(lib_a-errno.o)
                              ./Core/Src/syscalls.o (__errno)
c:/st/stm32cubeide_1.11.0/stm32cubeide/plugins/com.st.stm32cube.ide.mcu.externaltools.gnu-tools-for-stm32.10.3-2021.10.win32_1.0.100.202210260954/tools/bin/../lib/gcc/arm-none-eabi/10.3.1/../../../../arm-none-eabi/lib/thumb/v7e-m+fp/hard\libc_nano.a(lib_a-exit.o)
                              c:/st/stm32cubeide_1.11.0/stm32cubeide/plugins/com.st.stm32cube.ide.mcu.externaltools.gnu-tools-for-stm32.10.3-2021.10.win32_1.0.100.202210260954/tools/bin/../lib/gcc/arm-none-eabi/10.3.1/../../../../arm-none-eabi/lib/thumb/v7e-m+fp/hard/crt0.o (exit)
c:/st/stm32cubeide_1.11.0/stm32cubeide/plugins/com.st.stm32cube.ide.mcu.externaltools.gnu-tools-for-stm32.10.3-2021.10.win32_1.0.100.202210260954/tools/bin/../lib/gcc/arm-none-eabi/10.3.1/../../../../arm-none-eabi/lib/thumb/v7e-m+fp/hard\libc_nano.a(lib_a-impure.o)
                              c:/st/stm32cubeide_1.11.0/stm32cubeide/plugins/com.st.stm32cube.ide.mcu.externaltools.gnu-tools-for-stm32.10.3-2021.10.win32_1.0.100.202210260954/tools/bin/../lib/gcc/arm-none-eabi/10.3.1/../../../../arm-none-eabi/lib/thumb/v7e-m+fp/hard\libc_nano.a(lib_a-exit.o) (_global_impure_ptr)
c:/st/stm32cubeide_1.11.0/stm32cubeide/plugins/com.st.stm32cube.ide.mcu.externaltools.gnu-tools-for-stm32.10.3-2021.10.win32_1.0.100.202210260954/tools/bin/../lib/gcc/arm-none-eabi/10.3.1/../../../../arm-none-eabi/lib/thumb/v7e-m+fp/hard\libc_nano.a(lib_a-init.o)
                              c:/st/stm32cubeide_1.11.0/stm32cubeide/plugins/com.st.stm32cube.ide.mcu.externaltools.gnu-tools-for-stm32.10.3-2021.10.win32_1.0.100.202210260954/tools/bin/../lib/gcc/arm-none-eabi/10.3.1/../../../../arm-none-eabi/lib/thumb/v7e-m+fp/hard/crt0.o (__libc_init_array)
c:/st/stm32cubeide_1.11.0/stm32cubeide/plugins/com.st.stm32cube.ide.mcu.externaltools.gnu-tools-for-stm32.10.3-2021.10.win32_1.0.100.202210260954/tools/bin/../lib/gcc/arm-none-eabi/10.3.1/../../../../arm-none-eabi/lib/thumb/v7e-m+fp/hard\libc_nano.a(lib_a-memset.o)
                              c:/st/stm32cubeide_1.11.0/stm32cubeide/plugins/com.st.stm32cube.ide.mcu.externaltools.gnu-tools-for-stm32.10.3-2021.10.win32_1.0.100.202210260954/tools/bin/../lib/gcc/arm-none-eabi/10.3.1/../../../../arm-none-eabi/lib/thumb/v7e-m+fp/hard/crt0.o (memset)
c:/st/stm32cubeide_1.11.0/stm32cubeide/plugins/com.st.stm32cube.ide.mcu.externaltools.gnu-tools-for-stm32.10.3-2021.10.win32_1.0.100.202210260954/tools/bin/../lib/gcc/arm-none-eabi/10.3.1/../../../../arm-none-eabi/lib/thumb/v7e-m+fp/hard\libm.a(lib_a-wf_asin.o)
                              ./Core/Src/MPU9250.o (asinf)
c:/st/stm32cubeide_1.11.0/stm32cubeide/plugins/com.st.stm32cube.ide.mcu.externaltools.gnu-tools-for-stm32.10.3-2021.10.win32_1.0.100.202210260954/tools/bin/../lib/gcc/arm-none-eabi/10.3.1/../../../../arm-none-eabi/lib/thumb/v7e-m+fp/hard\libm.a(lib_a-wf_atan2.o)
                              ./Core/Src/MPU9250.o (atan2f)
c:/st/stm32cubeide_1.11.0/stm32cubeide/plugins/com.st.stm32cube.ide.mcu.externaltools.gnu-tools-for-stm32.10.3-2021.10.win32_1.0.100.202210260954/tools/bin/../lib/gcc/arm-none-eabi/10.3.1/../../../../arm-none-eabi/lib/thumb/v7e-m+fp/hard\libm.a(lib_a-wf_sqrt.o)
                              ./Core/Src/MPU9250.o (sqrtf)
c:/st/stm32cubeide_1.11.0/stm32cubeide/plugins/com.st.stm32cube.ide.mcu.externaltools.gnu-tools-for-stm32.10.3-2021.10.win32_1.0.100.202210260954/tools/bin/../lib/gcc/arm-none-eabi/10.3.1/../../../../arm-none-eabi/lib/thumb/v7e-m+fp/hard\libm.a(lib_a-ef_asin.o)
                              c:/st/stm32cubeide_1.11.0/stm32cubeide/plugins/com.st.stm32cube.ide.mcu.externaltools.gnu-tools-for-stm32.10.3-2021.10.win32_1.0.100.202210260954/tools/bin/../lib/gcc/arm-none-eabi/10.3.1/../../../../arm-none-eabi/lib/thumb/v7e-m+fp/hard\libm.a(lib_a-wf_asin.o) (__ieee754_asinf)
c:/st/stm32cubeide_1.11.0/stm32cubeide/plugins/com.st.stm32cube.ide.mcu.externaltools.gnu-tools-for-stm32.10.3-2021.10.win32_1.0.100.202210260954/tools/bin/../lib/gcc/arm-none-eabi/10.3.1/../../../../arm-none-eabi/lib/thumb/v7e-m+fp/hard\libm.a(lib_a-ef_atan2.o)
                              c:/st/stm32cubeide_1.11.0/stm32cubeide/plugins/com.st.stm32cube.ide.mcu.externaltools.gnu-tools-for-stm32.10.3-2021.10.win32_1.0.100.202210260954/tools/bin/../lib/gcc/arm-none-eabi/10.3.1/../../../../arm-none-eabi/lib/thumb/v7e-m+fp/hard\libm.a(lib_a-wf_atan2.o) (__ieee754_atan2f)
c:/st/stm32cubeide_1.11.0/stm32cubeide/plugins/com.st.stm32cube.ide.mcu.externaltools.gnu-tools-for-stm32.10.3-2021.10.win32_1.0.100.202210260954/tools/bin/../lib/gcc/arm-none-eabi/10.3.1/../../../../arm-none-eabi/lib/thumb/v7e-m+fp/hard\libm.a(lib_a-ef_sqrt.o)
[...]
Memory Configuration

Name             Origin             Length             Attributes
RAM              0x0000000020000000 0x0000000000020000 xrw
FLASH            0x0000000008000000 0x0000000000080000 xr
*default*        0x0000000000000000 0xffffffffffffffff

Linker script and memory map

LOAD c:/st/stm32cubeide_1.11.0/stm32cubeide/plugins/com.st.stm32cube.ide.mcu.externaltools.gnu-tools-for-stm32.10.3-2021.10.win32_1.0.100.202210260954/tools/bin/../lib/gcc/arm-none-eabi/10.3.1/thumb/v7e-m+fp/hard/crti.o
LOAD c:/st/stm32cubeide_1.11.0/stm32cubeide/plugins/com.st.stm32cube.ide.mcu.externaltools.gnu-tools-for-stm32.10.3-2021.10.win32_1.0.100.202210260954/tools/bin/../lib/gcc/arm-none-eabi/10.3.1/thumb/v7e-m+fp/hard/crtbegin.o
LOAD c:/st/stm32cubeide_1.11.0/stm32cubeide/plugins/com.st.stm32cube.ide.mcu.externaltools.gnu-tools-for-stm32.10.3-2021.10.win32_1.0.100.202210260954/tools/bin/../lib/gcc/arm-none-eabi/10.3.1/../../../../arm-none-eabi/lib/thumb/v7e-m+fp/hard/crt0.o
LOAD ./Core/Src/MPU9250.o
LOAD ./Core/Src/main.o
LOAD ./Core/Src/stm32g4xx_hal_msp.o
LOAD ./Core/Src/stm32g4xx_it.o
LOAD ./Core/Src/syscalls.o
LOAD ./Core/Src/sysmem.o
LOAD ./Core/Src/system_stm32g4xx.o
LOAD ./Core/Startup/startup_stm32g474retx.o
LOAD ./Drivers/STM32G4xx_HAL_Driver/Src/stm32g4xx_hal.o
LOAD ./Drivers/STM32G4xx_HAL_Driver/Src/stm32g4xx_hal_cortex.o
LOAD ./Drivers/STM32G4xx_HAL_Driver/Src/stm32g4xx_hal_dma.o
LOAD ./Drivers/STM32G4xx_HAL_Driver/Src/stm32g4xx_hal_dma_ex.o
LOAD ./Drivers/STM32G4xx_HAL_Driver/Src/stm32g4xx_hal_exti.o
LOAD ./Drivers/STM32G4xx_HAL_Driver/Src/stm32g4xx_hal_flash.o
LOAD ./Drivers/STM32G4xx_HAL_Driver/Src/stm32g4xx_hal_flash_ex.o
LOAD ./Drivers/STM32G4xx_HAL_Driver/Src/stm32g4xx_hal_flash_ramfunc.o
LOAD ./Drivers/STM32G4xx_HAL_Driver/Src/stm32g4xx_hal_gpio.o
LOAD ./Drivers/STM32G4xx_HAL_Driver/Src/stm32g4xx_hal_i2c.o
LOAD ./Drivers/STM32G4xx_HAL_Driver/Src/stm32g4xx_hal_i2c_ex.o
LOAD ./Drivers/STM32G4xx_HAL_Driver/Src/stm32g4xx_hal_pwr.o
LOAD ./Drivers/STM32G4xx_HAL_Driver/Src/stm32g4xx_hal_pwr_ex.o
LOAD ./Drivers/STM32G4xx_HAL_Driver/Src/stm32g4xx_hal_rcc.o
LOAD ./Drivers/STM32G4xx_HAL_Driver/Src/stm32g4xx_hal_rcc_ex.o
LOAD ./Drivers/STM32G4xx_HAL_Driver/Src/stm32g4xx_hal_tim.o
LOAD ./Drivers/STM32G4xx_HAL_Driver/Src/stm32g4xx_hal_tim_ex.o
LOAD ./Drivers/STM32G4xx_HAL_Driver/Src/stm32g4xx_hal_uart.o
LOAD ./Drivers/STM32G4xx_HAL_Driver/Src/stm32g4xx_hal_uart_ex.o
START GROUP
LOAD c:/st/stm32cubeide_1.11.0/stm32cubeide/plugins/com.st.stm32cube.ide.mcu.externaltools.gnu-tools-for-stm32.10.3-2021.10.win32_1.0.100.202210260954/tools/bin/../lib/gcc/arm-none-eabi/10.3.1/../../../../arm-none-eabi/lib/thumb/v7e-m+fp/hard\libc_nano.a
LOAD c:/st/stm32cubeide_1.11.0/stm32cubeide/plugins/com.st.stm32cube.ide.mcu.externaltools.gnu-tools-for-stm32.10.3-2021.10.win32_1.0.100.202210260954/tools/bin/../lib/gcc/arm-none-eabi/10.3.1/../../../../arm-none-eabi/lib/thumb/v7e-m+fp/hard\libm.a
END GROUP
START GROUP
LOAD c:/st/stm32cubeide_1.11.0/stm32cubeide/plugins/com.st.stm32cube.ide.mcu.externaltools.gnu-tools-for-stm32.10.3-2021.10.win32_1.0.100.202210260954/tools/bin/../lib/gcc/arm-none-eabi/10.3.1/thumb/v7e-m+fp/hard\libgcc.a
LOAD c:/st/stm32cubeide_1.11.0/stm32cubeide/plugins/com.st.stm32cube.ide.mcu.externaltools.gnu-tools-for-stm32.10.3-2021.10.win32_1.0.100.202210260954/tools/bin/../lib/gcc/arm-none-eabi/10.3.1/../../../../arm-none-eabi/lib/thumb/v7e-m+fp/hard\libc_nano.a
END GROUP
START GROUP
LOAD c:/st/stm32cubeide_1.11.0/stm32cubeide/plugins/com.st.stm32cube.ide.mcu.externaltools.gnu-tools-for-stm32.10.3-2021.10.win32_1.0.100.202210260954/tools/bin/../lib/gcc/arm-none-eabi/10.3.1/thumb/v7e-m+fp/hard\libgcc.a
LOAD c:/st/stm32cubeide_1.11.0/stm32cubeide/plugins/com.st.stm32cube.ide.mcu.externaltools.gnu-tools-for-stm32.10.3-2021.10.win32_1.0.100.202210260954/tools/bin/../lib/gcc/arm-none-eabi/10.3.1/../../../../arm-none-eabi/lib/thumb/v7e-m+fp/hard\libc_nano.a
LOAD c:/st/stm32cubeide_1.11.0/stm32cubeide/plugins/com.st.stm32cube.ide.mcu.externaltools.gnu-tools-for-stm32.10.3-2021.10.win32_1.0.100.202210260954/tools/bin/../lib/gcc/arm-none-eabi/10.3.1/../../../../arm-none-eabi/lib/thumb/v7e-m+fp/hard\libnosys.a
END GROUP
START GROUP
LOAD c:/st/stm32cubeide_1.11.0/stm32cubeide/plugins/com.st.stm32cube.ide.mcu.externaltools.gnu-tools-for-stm32.10.3-2021.10.win32_1.0.100.202210260954/tools/bin/../lib/gcc/arm-none-eabi/10.3.1/thumb/v7e-m+fp/hard\libgcc.a
LOAD c:/st/stm32cubeide_1.11.0/stm32cubeide/plugins/com.st.stm32cube.ide.mcu.externaltools.gnu-tools-for-stm32.10.3-2021.10.win32_1.0.100.202210260954/tools/bin/../lib/gcc/arm-none-eabi/10.3.1/../../../../arm-none-eabi/lib/thumb/v7e-m+fp/hard\libc_nano.a
LOAD c:/st/stm32cubeide_1.11.0/stm32cubeide/plugins/com.st.stm32cube.ide.mcu.externaltools.gnu-tools-for-stm32.10.3-2021.10.win32_1.0.100.202210260954/tools/bin/../lib/gcc/arm-none-eabi/10.3.1/../../../../arm-none-eabi/lib/thumb/v7e-m+fp/hard\libnosys.a
END GROUP
LOAD c:/st/stm32cubeide_1.11.0/stm32cubeide/plugins/com.st.stm32cube.ide.mcu.externaltools.gnu-tools-for-stm32.10.3-2021.10.win32_1.0.100.202210260954/tools/bin/../lib/gcc/arm-none-eabi/10.3.1/thumb/v7e-m+fp/hard/crtend.o
LOAD c:/st/stm32cubeide_1.11.0/stm32cubeide/plugins/com.st.stm32cube.ide.mcu.externaltools.gnu-tools-for-stm32.10.3-2021.10.win32_1.0.100.202210260954/tools/bin/../lib/gcc/arm-none-eabi/10.3.1/thumb/v7e-m+fp/hard/crtn.o
                0x0000000020020000                _estack = (ORIGIN (RAM) + LENGTH (RAM))
                0x0000000000000200                _Min_Heap_Size = 0x200
                0x0000000000000400                _Min_Stack_Size = 0x400

.isr_vector     0x0000000008000000      0x1d8
                0x0000000008000000                . = ALIGN (0x4)
 *(.isr_vector)
 .isr_vector    0x0000000008000000      0x1d8 ./Core/Startup/startup_stm32g474retx.o
                0x0000000008000000                g_pfnVectors
                0x00000000080001d8                . = ALIGN (0x4)

.text           0x00000000080001d8     0x6cf8
                0x00000000080001d8                . = ALIGN (0x4)
 *(.text)
 .text          0x00000000080001d8       0x40 c:/st/stm32cubeide_1.11.0/stm32cubeide/plugins/com.st.stm32cube.ide.mcu.externaltools.gnu-tools-for-stm32.10.3-2021.10.win32_1.0.100.202210260954/tools/bin/../lib/gcc/arm-none-eabi/10.3.1/thumb/v7e-m+fp/hard/crtbegin.o
 .text          0x0000000008000218      0x378 c:/st/stm32cubeide_1.11.0/stm32cubeide/plugins/com.st.stm32cube.ide.mcu.externaltools.gnu-tools-for-stm32.10.3-2021.10.win32_1.0.100.202210260954/tools/bin/../lib/gcc/arm-none-eabi/10.3.1/thumb/v7e-m+fp/hard\libgcc.a(_arm_addsubdf3.o)
                0x0000000008000218                __aeabi_drsub
                0x0000000008000220                __aeabi_dsub
                0x0000000008000220                __subdf3
                0x0000000008000224                __aeabi_dadd
                0x0000000008000224                __adddf3
                0x000000000800049c                __floatunsidf
                0x000000000800049c                __aeabi_ui2d
                0x00000000080004bc                __floatsidf
                0x00000000080004bc                __aeabi_i2d
                0x00000000080004e0                __aeabi_f2d
                0x00000000080004e0                __extendsfdf2
                0x0000000008000524                __floatundidf
                0x0000000008000524                __aeabi_ul2d
                0x0000000008000534                __floatdidf
                0x0000000008000534                __aeabi_l2d
 .text          0x0000000008000590      0x424 c:/st/stm32cubeide_1.11.0/stm32cubeide/plugins/com.st.stm32cube.ide.mcu.externaltools.gnu-tools-for-stm32.10.3-2021.10.win32_1.0.100.202210260954/tools/bin/../lib/gcc/arm-none-eabi/10.3.1/thumb/v7e-m+fp/hard\libgcc.a(_arm_muldivdf3.o)
                0x0000000008000590                __aeabi_dmul
                0x0000000008000590                __muldf3
                0x00000000080007e4                __divdf3
                0x00000000080007e4                __aeabi_ddiv
 .text          0x00000000080009b4       0xa0 c:/st/stm32cubeide_1.11.0/stm32cubeide/plugins/com.st.stm32cube.ide.mcu.externaltools.gnu-tools-for-stm32.10.3-2021.10.win32_1.0.100.202210260954/tools/bin/../lib/gcc/arm-none-eabi/10.3.1/thumb/v7e-m+fp/hard\libgcc.a(_arm_truncdfsf2.o)
                0x00000000080009b4                __truncdfsf2
                0x00000000080009b4                __aeabi_d2f
 .text          0x0000000008000a54       0x30 c:/st/stm32cubeide_1.11.0/stm32cubeide/plugins/com.st.stm32cube.ide.mcu.externaltools.gnu-tools-for-stm32.10.3-2021.10.win32_1.0.100.202210260954/tools/bin/../lib/gcc/arm-none-eabi/10.3.1/thumb/v7e-m+fp/hard\libgcc.a(_aeabi_uldivmod.o)
                0x0000000008000a54                __aeabi_uldivmod
 .text          0x0000000008000a84      0x2d0 c:/st/stm32cubeide_1.11.0/stm32cubeide/plugins/com.st.stm32cube.ide.mcu.externaltools.gnu-tools-for-stm32.10.3-2021.10.win32_1.0.100.202210260954/tools/bin/../lib/gcc/arm-none-eabi/10.3.1/thumb/v7e-m+fp/hard\libgcc.a(_udivmoddi4.o)
                0x0000000008000a84                __udivmoddi4
 .text          0x0000000008000d54        0x4 c:/st/stm32cubeide_1.11.0/stm32cubeide/plugins/com.st.stm32cube.ide.mcu.externaltools.gnu-tools-for-stm32.10.3-2021.10.win32_1.0.100.202210260954/tools/bin/../lib/gcc/arm-none-eabi/10.3.1/thumb/v7e-m+fp/hard\libgcc.a(_dvmd_tls.o)
                0x0000000008000d54                __aeabi_idiv0
                0x0000000008000d54                __aeabi_ldiv0
 *(.text*)
 .text.GY6500_init
                0x0000000008000d58       0xdc ./Core/Src/MPU9250.o
                0x0000000008000d58                GY6500_init
 *fill*         0x0000000008000e34        0x4 
 .text.allRead  0x0000000008000e38      0x6d4 ./Core/Src/MPU9250.o
                0x0000000008000e38                allRead
 .text.setMagRes
                0x000000000800150c       0x3c ./Core/Src/MPU9250.o
                0x000000000800150c                setMagRes
 .text.setGyroRes
                0x0000000008001548       0x68 ./Core/Src/MPU9250.o
                0x0000000008001548                setGyroRes
 .text.setAccelRes
                0x00000000080015b0       0x60 ./Core/Src/MPU9250.o
                0x00000000080015b0                setAccelRes
 .text.readAccel
                0x0000000008001610       0x66 ./Core/Src/MPU9250.o
                0x0000000008001610                readAccel
 .text.readGyro
                0x0000000008001676       0x66 ./Core/Src/MPU9250.o
                0x0000000008001676                readGyro
 .text.readMag  0x00000000080016dc       0x98 ./Core/Src/MPU9250.o
                0x00000000080016dc                readMag
 .text.AK8963_init
                0x0000000008001774      0x1ac ./Core/Src/MPU9250.o
                0x0000000008001774                AK8963_init
 .text.AK8963_Calibrate
                0x0000000008001920      0x2b0 ./Core/Src/MPU9250.o
                0x0000000008001920                AK8963_Calibrate
 .text.MPU9250_init
                0x0000000008001bd0      0x1c4 ./Core/Src/MPU9250.o
                0x0000000008001bd0                MPU9250_init
 .text.MPU9250_Calibrate
                0x0000000008001d94      0x84c ./Core/Src/MPU9250.o
                0x0000000008001d94                MPU9250_Calibrate
 .text.QuaternionUpdate
                0x00000000080025e0      0xcec ./Core/Src/MPU9250.o
                0x00000000080025e0                QuaternionUpdate
 .text.main     0x00000000080032cc       0x50 ./Core/Src/main.o
                0x00000000080032cc                main
 .text.SystemClock_Config
                0x000000000800331c       0x96 ./Core/Src/main.o
                0x000000000800331c                SystemClock_Config
 *fill*         0x00000000080033b2        0x2 
 .text.MX_I2C1_Init
                0x00000000080033b4       0x80 ./Core/Src/main.o
 .text.MX_LPUART1_UART_Init
                0x0000000008003434       0x94 ./Core/Src/main.o
 .text.MX_GPIO_Init
                0x00000000080034c8       0xdc ./Core/Src/main.o
 .text.Error_Handler
                0x00000000080035a4        0xa ./Core/Src/main.o
                0x00000000080035a4                Error_Handler
 *fill*         0x00000000080035ae        0x2 
 .text.HAL_MspInit
                0x00000000080035b0       0x48 ./Core/Src/stm32g4xx_hal_msp.o
                0x00000000080035b0                HAL_MspInit
 .text.HAL_I2C_MspInit
                0x00000000080035f8       0xec ./Core/Src/stm32g4xx_hal_msp.o
                0x00000000080035f8                HAL_I2C_MspInit
 .text.HAL_UART_MspInit
                0x00000000080036e4       0xb0 ./Core/Src/stm32g4xx_hal_msp.o
                0x00000000080036e4                HAL_UART_MspInit
 .text.NMI_Handler
                0x0000000008003794        0x6 ./Core/Src/stm32g4xx_it.o
                0x0000000008003794                NMI_Handler
 .text.HardFault_Handler
                0x000000000800379a        0x6 ./Core/Src/stm32g4xx_it.o
                0x000000000800379a                HardFault_Handler
 .text.MemManage_Handler
                0x00000000080037a0        0x6 ./Core/Src/stm32g4xx_it.o
                0x00000000080037a0                MemManage_Handler
 .text.BusFault_Handler
                0x00000000080037a6        0x6 ./Core/Src/stm32g4xx_it.o
                0x00000000080037a6                BusFault_Handler
 .text.UsageFault_Handler
                0x00000000080037ac        0x6 ./Core/Src/stm32g4xx_it.o
                0x00000000080037ac                UsageFault_Handler
 .text.SVC_Handler
                0x00000000080037b2        0xe ./Core/Src/stm32g4xx_it.o
                0x00000000080037b2                SVC_Handler
 .text.DebugMon_Handler
                0x00000000080037c0        0xe ./Core/Src/stm32g4xx_it.o
                0x00000000080037c0                DebugMon_Handler
 .text.PendSV_Handler
                0x00000000080037ce        0xe ./Core/Src/stm32g4xx_it.o
                0x00000000080037ce                PendSV_Handler
 .text.SysTick_Handler
                0x00000000080037dc        0xc ./Core/Src/stm32g4xx_it.o
                0x00000000080037dc                SysTick_Handler
 .text.EXTI15_10_IRQHandler
                0x00000000080037e8       0x10 ./Core/Src/stm32g4xx_it.o
                0x00000000080037e8                EXTI15_10_IRQHandler
 .text.SystemInit
                0x00000000080037f8       0x24 ./Core/Src/system_stm32g4xx.o
                0x00000000080037f8                SystemInit
 .text.Reset_Handler
                0x000000000800381c       0x50 ./Core/Startup/startup_stm32g474retx.o
                0x000000000800381c                Reset_Handler
 .text.Default_Handler
                0x000000000800386c        0x2 ./Core/Startup/startup_stm32g474retx.o
                0x000000000800386c                RTC_Alarm_IRQHandler
                0x000000000800386c                EXTI2_IRQHandler
                0x000000000800386c                TIM8_TRG_COM_IRQHandler
                0x000000000800386c                TIM8_CC_IRQHandler
                0x000000000800386c                HRTIM1_Master_IRQHandler
                0x000000000800386c                SPI4_IRQHandler
                0x000000000800386c                FDCAN3_IT0_IRQHandler
                0x000000000800386c                TIM1_CC_IRQHandler
                0x000000000800386c                HRTIM1_FLT_IRQHandler
                0x000000000800386c                HRTIM1_TIMF_IRQHandler
                0x000000000800386c                USB_HP_IRQHandler
                0x000000000800386c                CORDIC_IRQHandler
                0x000000000800386c                HRTIM1_TIMD_IRQHandler
                0x000000000800386c                DMA2_Channel8_IRQHandler
                0x000000000800386c                EXTI3_IRQHandler
                0x000000000800386c                I2C3_ER_IRQHandler
                0x000000000800386c                EXTI0_IRQHandler
                0x000000000800386c                I2C2_EV_IRQHandler
                0x000000000800386c                FPU_IRQHandler
                0x000000000800386c                FDCAN1_IT1_IRQHandler
                0x000000000800386c                TIM1_UP_TIM16_IRQHandler
                0x000000000800386c                ADC1_2_IRQHandler
                0x000000000800386c                HRTIM1_TIME_IRQHandler
                0x000000000800386c                SPI1_IRQHandler
                0x000000000800386c                TIM6_DAC_IRQHandler
                0x000000000800386c                HRTIM1_TIMC_IRQHandler
                0x000000000800386c                TIM8_UP_IRQHandler
                0x000000000800386c                DMA2_Channel2_IRQHandler
                0x000000000800386c                DMA1_Channel4_IRQHandler
                0x000000000800386c                TIM20_TRG_COM_IRQHandler
                0x000000000800386c                USART3_IRQHandler
                0x000000000800386c                DMA1_Channel7_IRQHandler
                0x000000000800386c                UART5_IRQHandler
                0x000000000800386c                ADC3_IRQHandler
                0x000000000800386c                TIM4_IRQHandler
                0x000000000800386c                DMA2_Channel1_IRQHandler
                0x000000000800386c                QUADSPI_IRQHandler
                0x000000000800386c                I2C1_EV_IRQHandler
                0x000000000800386c                DMA1_Channel6_IRQHandler
                0x000000000800386c                UART4_IRQHandler
                0x000000000800386c                DMA2_Channel4_IRQHandler
                0x000000000800386c                TIM3_IRQHandler
                0x000000000800386c                RCC_IRQHandler
                0x000000000800386c                TIM20_UP_IRQHandler
                0x000000000800386c                DMA1_Channel1_IRQHandler
                0x000000000800386c                Default_Handler
                0x000000000800386c                DMA2_Channel7_IRQHandler
                0x000000000800386c                RTC_TAMP_LSECSS_IRQHandler
                0x000000000800386c                FMAC_IRQHandler
                0x000000000800386c                DMA1_Channel8_IRQHandler
                0x000000000800386c                HRTIM1_TIMA_IRQHandler
                0x000000000800386c                TIM7_DAC_IRQHandler
                0x000000000800386c                FDCAN3_IT1_IRQHandler
                0x000000000800386c                TIM5_IRQHandler
                0x000000000800386c                UCPD1_IRQHandler
                0x000000000800386c                I2C3_EV_IRQHandler
                0x000000000800386c                EXTI9_5_IRQHandler
                0x000000000800386c                RTC_WKUP_IRQHandler
                0x000000000800386c                PVD_PVM_IRQHandler
                0x000000000800386c                SPI2_IRQHandler
                0x000000000800386c                ADC5_IRQHandler
                0x000000000800386c                DMA2_Channel5_IRQHandler
                0x000000000800386c                CRS_IRQHandler
                0x000000000800386c                DMA1_Channel5_IRQHandler
                0x000000000800386c                USB_LP_IRQHandler
                0x000000000800386c                EXTI4_IRQHandler
                0x000000000800386c                RNG_IRQHandler
                0x000000000800386c                HRTIM1_TIMB_IRQHandler
                0x000000000800386c                TIM1_TRG_COM_TIM17_IRQHandler
                0x000000000800386c                FDCAN2_IT1_IRQHandler
                0x000000000800386c                DMA1_Channel3_IRQHandler
                0x000000000800386c                ADC4_IRQHandler
                0x000000000800386c                WWDG_IRQHandler
                0x000000000800386c                I2C4_EV_IRQHandler
                0x000000000800386c                FDCAN2_IT0_IRQHandler
                0x000000000800386c                LPUART1_IRQHandler
                0x000000000800386c                DMA2_Channel6_IRQHandler
                0x000000000800386c                FDCAN1_IT0_IRQHandler
                0x000000000800386c                TIM2_IRQHandler
                0x000000000800386c                COMP7_IRQHandler
                0x000000000800386c                COMP1_2_3_IRQHandler
                0x000000000800386c                EXTI1_IRQHandler
                0x000000000800386c                USART2_IRQHandler
                0x000000000800386c                COMP4_5_6_IRQHandler
                0x000000000800386c                TIM20_BRK_IRQHandler
                0x000000000800386c                I2C2_ER_IRQHandler
                0x000000000800386c                DMA1_Channel2_IRQHandler
                0x000000000800386c                TIM8_BRK_IRQHandler
                0x000000000800386c                FLASH_IRQHandler
                0x000000000800386c                TIM20_CC_IRQHandler
                0x000000000800386c                USART1_IRQHandler
                0x000000000800386c                SPI3_IRQHandler
                0x000000000800386c                I2C1_ER_IRQHandler
                0x000000000800386c                FMC_IRQHandler
                0x000000000800386c                LPTIM1_IRQHandler
                0x000000000800386c                DMAMUX_OVR_IRQHandler
                0x000000000800386c                I2C4_ER_IRQHandler
                0x000000000800386c                USBWakeUp_IRQHandler
                0x000000000800386c                SAI1_IRQHandler
                0x000000000800386c                DMA2_Channel3_IRQHandler
                0x000000000800386c                TIM1_BRK_TIM15_IRQHandler
 .text.HAL_Init
                0x000000000800386e       0x30 ./Drivers/STM32G4xx_HAL_Driver/Src/stm32g4xx_hal.o
                0x000000000800386e                HAL_Init
 *fill*         0x000000000800389e        0x2 
 .text.HAL_InitTick
                0x00000000080038a0       0x74 ./Drivers/STM32G4xx_HAL_Driver/Src/stm32g4xx_hal.o
                0x00000000080038a0                HAL_InitTick
 .text.HAL_IncTick
                0x0000000008003914       0x24 ./Drivers/STM32G4xx_HAL_Driver/Src/stm32g4xx_hal.o
                0x0000000008003914                HAL_IncTick
 .text.HAL_GetTick
                0x0000000008003938       0x18 ./Drivers/STM32G4xx_HAL_Driver/Src/stm32g4xx_hal.o
                0x0000000008003938                HAL_GetTick
 .text.HAL_Delay
                0x0000000008003950       0x44 ./Drivers/STM32G4xx_HAL_Driver/Src/stm32g4xx_hal.o
                0x0000000008003950                HAL_Delay
 .text.__NVIC_SetPriorityGrouping
                0x0000000008003994       0x48 ./Drivers/STM32G4xx_HAL_Driver/Src/stm32g4xx_hal_cortex.o
 .text.__NVIC_GetPriorityGrouping
                0x00000000080039dc       0x1c ./Drivers/STM32G4xx_HAL_Driver/Src/stm32g4xx_hal_cortex.o
 .text.__NVIC_EnableIRQ
                0x00000000080039f8       0x3c ./Drivers/STM32G4xx_HAL_Driver/Src/stm32g4xx_hal_cortex.o
 .text.__NVIC_SetPriority
                0x0000000008003a34       0x54 ./Drivers/STM32G4xx_HAL_Driver/Src/stm32g4xx_hal_cortex.o
 .text.NVIC_EncodePriority
                0x0000000008003a88       0x66 ./Drivers/STM32G4xx_HAL_Driver/Src/stm32g4xx_hal_cortex.o
 *fill*         0x0000000008003aee        0x2 
 .text.SysTick_Config
                0x0000000008003af0       0x44 ./Drivers/STM32G4xx_HAL_Driver/Src/stm32g4xx_hal_cortex.o
 .text.HAL_NVIC_SetPriorityGrouping
                0x0000000008003b34       0x16 ./Drivers/STM32G4xx_HAL_Driver/Src/stm32g4xx_hal_cortex.o
                0x0000000008003b34                HAL_NVIC_SetPriorityGrouping
 .text.HAL_NVIC_SetPriority
                0x0000000008003b4a       0x34 ./Drivers/STM32G4xx_HAL_Driver/Src/stm32g4xx_hal_cortex.o
                0x0000000008003b4a                HAL_NVIC_SetPriority
 .text.HAL_NVIC_EnableIRQ
                0x0000000008003b7e       0x1c ./Drivers/STM32G4xx_HAL_Driver/Src/stm32g4xx_hal_cortex.o
                0x0000000008003b7e                HAL_NVIC_EnableIRQ
 .text.HAL_SYSTICK_Config
                0x0000000008003b9a       0x18 ./Drivers/STM32G4xx_HAL_Driver/Src/stm32g4xx_hal_cortex.o
                0x0000000008003b9a                HAL_SYSTICK_Config
 *fill*         0x0000000008003bb2        0x2 
 .text.HAL_GPIO_Init
                0x0000000008003bb4      0x304 ./Drivers/STM32G4xx_HAL_Driver/Src/stm32g4xx_hal_gpio.o
                0x0000000008003bb4                HAL_GPIO_Init
 .text.HAL_GPIO_WritePin
                0x0000000008003eb8       0x30 ./Drivers/STM32G4xx_HAL_Driver/Src/stm32g4xx_hal_gpio.o
                0x0000000008003eb8                HAL_GPIO_WritePin
 .text.HAL_GPIO_TogglePin
                0x0000000008003ee8       0x34 ./Drivers/STM32G4xx_HAL_Driver/Src/stm32g4xx_hal_gpio.o
                0x0000000008003ee8                HAL_GPIO_TogglePin
 .text.HAL_GPIO_EXTI_IRQHandler
                0x0000000008003f1c       0x30 ./Drivers/STM32G4xx_HAL_Driver/Src/stm32g4xx_hal_gpio.o
                0x0000000008003f1c                HAL_GPIO_EXTI_IRQHandler
 .text.HAL_GPIO_EXTI_Callback
                0x0000000008003f4c       0x16 ./Drivers/STM32G4xx_HAL_Driver/Src/stm32g4xx_hal_gpio.o
                0x0000000008003f4c                HAL_GPIO_EXTI_Callback
 .text.HAL_I2C_Init
                0x0000000008003f62      0x136 ./Drivers/STM32G4xx_HAL_Driver/Src/stm32g4xx_hal_i2c.o
                0x0000000008003f62                HAL_I2C_Init
 .text.HAL_I2C_Mem_Write
                0x0000000008004098      0x228 ./Drivers/STM32G4xx_HAL_Driver/Src/stm32g4xx_hal_i2c.o
                0x0000000008004098                HAL_I2C_Mem_Write
 .text.HAL_I2C_Mem_Read
                0x00000000080042c0      0x234 ./Drivers/STM32G4xx_HAL_Driver/Src/stm32g4xx_hal_i2c.o
                0x00000000080042c0                HAL_I2C_Mem_Read
 .text.I2C_RequestMemoryWrite
                0x00000000080044f4       0xa8 ./Drivers/STM32G4xx_HAL_Driver/Src/stm32g4xx_hal_i2c.o
 .text.I2C_RequestMemoryRead
                0x000000000800459c       0xa8 ./Drivers/STM32G4xx_HAL_Driver/Src/stm32g4xx_hal_i2c.o
 .text.I2C_Flush_TXDR
                0x0000000008004644       0x48 ./Drivers/STM32G4xx_HAL_Driver/Src/stm32g4xx_hal_i2c.o
 .text.I2C_WaitOnFlagUntilTimeout
                0x000000000800468c       0xb2 ./Drivers/STM32G4xx_HAL_Driver/Src/stm32g4xx_hal_i2c.o
 .text.I2C_WaitOnTXISFlagUntilTimeout
                0x000000000800473e       0x8e ./Drivers/STM32G4xx_HAL_Driver/Src/stm32g4xx_hal_i2c.o
 .text.I2C_WaitOnSTOPFlagUntilTimeout
                0x00000000080047cc       0x86 ./Drivers/STM32G4xx_HAL_Driver/Src/stm32g4xx_hal_i2c.o
 *fill*         0x0000000008004852        0x2 
 .text.I2C_IsErrorOccurred
                0x0000000008004854      0x1c0 ./Drivers/STM32G4xx_HAL_Driver/Src/stm32g4xx_hal_i2c.o
 .text.I2C_TransferConfig
                0x0000000008004a14       0x64 ./Drivers/STM32G4xx_HAL_Driver/Src/stm32g4xx_hal_i2c.o
 .text.HAL_I2CEx_ConfigAnalogFilter
                0x0000000008004a78       0x96 ./Drivers/STM32G4xx_HAL_Driver/Src/stm32g4xx_hal_i2c_ex.o
                0x0000000008004a78                HAL_I2CEx_ConfigAnalogFilter
 .text.HAL_I2CEx_ConfigDigitalFilter
                0x0000000008004b0e       0x98 ./Drivers/STM32G4xx_HAL_Driver/Src/stm32g4xx_hal_i2c_ex.o
                0x0000000008004b0e                HAL_I2CEx_ConfigDigitalFilter
 *fill*         0x0000000008004ba6        0x2 
 .text.HAL_PWREx_ControlVoltageScaling
                0x0000000008004ba8      0x148 ./Drivers/STM32G4xx_HAL_Driver/Src/stm32g4xx_hal_pwr_ex.o
                0x0000000008004ba8                HAL_PWREx_ControlVoltageScaling
 .text.HAL_PWREx_DisableUCPDDeadBattery
                0x0000000008004cf0       0x20 ./Drivers/STM32G4xx_HAL_Driver/Src/stm32g4xx_hal_pwr_ex.o
                0x0000000008004cf0                HAL_PWREx_DisableUCPDDeadBattery
 .text.HAL_RCC_OscConfig
                0x0000000008004d10      0x624 ./Drivers/STM32G4xx_HAL_Driver/Src/stm32g4xx_hal_rcc.o
                0x0000000008004d10                HAL_RCC_OscConfig
 .text.HAL_RCC_ClockConfig
                0x0000000008005334      0x278 ./Drivers/STM32G4xx_HAL_Driver/Src/stm32g4xx_hal_rcc.o
                0x0000000008005334                HAL_RCC_ClockConfig
 .text.HAL_RCC_GetSysClockFreq
                0x00000000080055ac       0xc4 ./Drivers/STM32G4xx_HAL_Driver/Src/stm32g4xx_hal_rcc.o
                0x00000000080055ac                HAL_RCC_GetSysClockFreq
 .text.HAL_RCC_GetHCLKFreq
                0x0000000008005670       0x18 ./Drivers/STM32G4xx_HAL_Driver/Src/stm32g4xx_hal_rcc.o
                0x0000000008005670                HAL_RCC_GetHCLKFreq
 .text.HAL_RCC_GetPCLK1Freq
                0x0000000008005688       0x2c ./Drivers/STM32G4xx_HAL_Driver/Src/stm32g4xx_hal_rcc.o
                0x0000000008005688                HAL_RCC_GetPCLK1Freq
 .text.HAL_RCC_GetPCLK2Freq
                0x00000000080056b4       0x2c ./Drivers/STM32G4xx_HAL_Driver/Src/stm32g4xx_hal_rcc.o
                0x00000000080056b4                HAL_RCC_GetPCLK2Freq
 .text.RCC_GetSysClockFreqFromPLLSource
                0x00000000080056e0       0x8c ./Drivers/STM32G4xx_HAL_Driver/Src/stm32g4xx_hal_rcc.o
 .text.HAL_RCCEx_PeriphCLKConfig
                0x000000000800576c      0x49c ./Drivers/STM32G4xx_HAL_Driver/Src/stm32g4xx_hal_rcc_ex.o
                0x000000000800576c                HAL_RCCEx_PeriphCLKConfig
 .text.HAL_UART_Init
                0x0000000008005c08       0xa0 ./Drivers/STM32G4xx_HAL_Driver/Src/stm32g4xx_hal_uart.o
                0x0000000008005c08                HAL_UART_Init
 .text.UART_SetConfig
                0x0000000008005ca8      0x5f8 ./Drivers/STM32G4xx_HAL_Driver/Src/stm32g4xx_hal_uart.o
                0x0000000008005ca8                UART_SetConfig
 .text.UART_AdvFeatureConfig
                0x00000000080062a0      0x144 ./Drivers/STM32G4xx_HAL_Driver/Src/stm32g4xx_hal_uart.o
                0x00000000080062a0                UART_AdvFeatureConfig
 .text.UART_CheckIdleState
                0x00000000080063e4      0x154 ./Drivers/STM32G4xx_HAL_Driver/Src/stm32g4xx_hal_uart.o
                0x00000000080063e4                UART_CheckIdleState
 .text.UART_WaitOnFlagUntilTimeout
                0x0000000008006538       0xda ./Drivers/STM32G4xx_HAL_Driver/Src/stm32g4xx_hal_uart.o
                0x0000000008006538                UART_WaitOnFlagUntilTimeout
 .text.UART_EndRxTransfer
                0x0000000008006612       0xcc ./Drivers/STM32G4xx_HAL_Driver/Src/stm32g4xx_hal_uart.o
 .text.HAL_UARTEx_DisableFifoMode
                0x00000000080066de       0x72 ./Drivers/STM32G4xx_HAL_Driver/Src/stm32g4xx_hal_uart_ex.o
                0x00000000080066de                HAL_UARTEx_DisableFifoMode
 .text.HAL_UARTEx_SetTxFifoThreshold
                0x0000000008006750       0x7c ./Drivers/STM32G4xx_HAL_Driver/Src/stm32g4xx_hal_uart_ex.o
                0x0000000008006750                HAL_UARTEx_SetTxFifoThreshold
 .text.HAL_UARTEx_SetRxFifoThreshold
                0x00000000080067cc       0x7c ./Drivers/STM32G4xx_HAL_Driver/Src/stm32g4xx_hal_uart_ex.o
                0x00000000080067cc                HAL_UARTEx_SetRxFifoThreshold
 .text.UARTEx_SetNbDataToProcess
                0x0000000008006848       0x9c ./Drivers/STM32G4xx_HAL_Driver/Src/stm32g4xx_hal_uart_ex.o
 .text.__errno  0x00000000080068e4        0xc c:/st/stm32cubeide_1.11.0/stm32cubeide/plugins/com.st.stm32cube.ide.mcu.externaltools.gnu-tools-for-stm32.10.3-2021.10.win32_1.0.100.202210260954/tools/bin/../lib/gcc/arm-none-eabi/10.3.1/../../../../arm-none-eabi/lib/thumb/v7e-m+fp/hard\libc_nano.a(lib_a-errno.o)
                0x00000000080068e4                __errno
 .text.__libc_init_array
                0x00000000080068f0       0x48 c:/st/stm32cubeide_1.11.0/stm32cubeide/plugins/com.st.stm32cube.ide.mcu.externaltools.gnu-tools-for-stm32.10.3-2021.10.win32_1.0.100.202210260954/tools/bin/../lib/gcc/arm-none-eabi/10.3.1/../../../../arm-none-eabi/lib/thumb/v7e-m+fp/hard\libc_nano.a(lib_a-init.o)
                0x00000000080068f0                __libc_init_array
 .text.memset   0x0000000008006938       0x10 c:/st/stm32cubeide_1.11.0/stm32cubeide/plugins/com.st.stm32cube.ide.mcu.externaltools.gnu-tools-for-stm32.10.3-2021.10.win32_1.0.100.202210260954/tools/bin/../lib/gcc/arm-none-eabi/10.3.1/../../../../arm-none-eabi/lib/thumb/v7e-m+fp/hard\libc_nano.a(lib_a-memset.o)
                0x0000000008006938                memset
 .text.asinf    0x0000000008006948       0x58 c:/st/stm32cubeide_1.11.0/stm32cubeide/plugins/com.st.stm32cube.ide.mcu.externaltools.gnu-tools-for-stm32.10.3-2021.10.win32_1.0.100.202210260954/tools/bin/../lib/gcc/arm-none-eabi/10.3.1/../../../../arm-none-eabi/lib/thumb/v7e-m+fp/hard\libm.a(lib_a-wf_asin.o)
                0x0000000008006948                asinf
 .text.atan2f   0x00000000080069a0        0x4 c:/st/stm32cubeide_1.11.0/stm32cubeide/plugins/com.st.stm32cube.ide.mcu.externaltools.gnu-tools-for-stm32.10.3-2021.10.win32_1.0.100.202210260954/tools/bin/../lib/gcc/arm-none-eabi/10.3.1/../../../../arm-none-eabi/lib/thumb/v7e-m+fp/hard\libm.a(lib_a-wf_atan2.o)
                0x00000000080069a0                atan2f
 .text.sqrtf    0x00000000080069a4       0x3c c:/st/stm32cubeide_1.11.0/stm32cubeide/plugins/com.st.stm32cube.ide.mcu.externaltools.gnu-tools-for-stm32.10.3-2021.10.win32_1.0.100.202210260954/tools/bin/../lib/gcc/arm-none-eabi/10.3.1/../../../../arm-none-eabi/lib/thumb/v7e-m+fp/hard\libm.a(lib_a-wf_sqrt.o)
                0x00000000080069a4                sqrtf
 .text.__ieee754_asinf
                0x00000000080069e0      0x1cc c:/st/stm32cubeide_1.11.0/stm32cubeide/plugins/com.st.stm32cube.ide.mcu.externaltools.gnu-tools-for-stm32.10.3-2021.10.win32_1.0.100.202210260954/tools/bin/../lib/gcc/arm-none-eabi/10.3.1/../../../../arm-none-eabi/lib/thumb/v7e-m+fp/hard\libm.a(lib_a-ef_asin.o)
                0x00000000080069e0                __ieee754_asinf
 .text.__ieee754_atan2f
                0x0000000008006bac      0x140 c:/st/stm32cubeide_1.11.0/stm32cubeide/plugins/com.st.stm32cube.ide.mcu.externaltools.gnu-tools-for-stm32.10.3-2021.10.win32_1.0.100.202210260954/tools/bin/../lib/gcc/arm-none-eabi/10.3.1/../../../../arm-none-eabi/lib/thumb/v7e-m+fp/hard\libm.a(lib_a-ef_atan2.o)
                0x0000000008006bac                __ieee754_atan2f
 .text.__ieee754_sqrtf
                0x0000000008006cec        0x6 c:/st/stm32cubeide_1.11.0/stm32cubeide/plugins/com.st.stm32cube.ide.mcu.externaltools.gnu-tools-for-stm32.10.3-2021.10.win32_1.0.100.202210260954/tools/bin/../lib/gcc/arm-none-eabi/10.3.1/../../../../arm-none-eabi/lib/thumb/v7e-m+fp/hard\libm.a(lib_a-ef_sqrt.o)
                0x0000000008006cec                __ieee754_sqrtf
 *fill*         0x0000000008006cf2        0x2 
 .text.atanf    0x0000000008006cf4      0x1a8 c:/st/stm32cubeide_1.11.0/stm32cubeide/plugins/com.st.stm32cube.ide.mcu.externaltools.gnu-tools-for-stm32.10.3-2021.10.win32_1.0.100.202210260954/tools/bin/../lib/gcc/arm-none-eabi/10.3.1/../../../../arm-none-eabi/lib/thumb/v7e-m+fp/hard\libm.a(lib_a-sf_atan.o)
                0x0000000008006cf4                atanf
 .text.fabsf    0x0000000008006e9c        0xe c:/st/stm32cubeide_1.11.0/stm32cubeide/plugins/com.st.stm32cube.ide.mcu.externaltools.gnu-tools-for-stm32.10.3-2021.10.win32_1.0.100.202210260954/tools/bin/../lib/gcc/arm-none-eabi/10.3.1/../../../../arm-none-eabi/lib/thumb/v7e-m+fp/hard\libm.a(lib_a-sf_fabs.o)
                0x0000000008006e9c                fabsf
 *fill*         0x0000000008006eaa        0x2 
 .text.nanf     0x0000000008006eac        0xc c:/st/stm32cubeide_1.11.0/stm32cubeide/plugins/com.st.stm32cube.ide.mcu.externaltools.gnu-tools-for-stm32.10.3-2021.10.win32_1.0.100.202210260954/tools/bin/../lib/gcc/arm-none-eabi/10.3.1/../../../../arm-none-eabi/lib/thumb/v7e-m+fp/hard\libm.a(lib_a-sf_nan.o)
                0x0000000008006eac                nanf
 *(.glue_7)
 .glue_7        0x0000000008006eb8        0x0 linker stubs
 *(.glue_7t)
 .glue_7t       0x0000000008006eb8        0x0 linker stubs
 *(.eh_frame)
 .eh_frame      0x0000000008006eb8        0x0 c:/st/stm32cubeide_1.11.0/stm32cubeide/plugins/com.st.stm32cube.ide.mcu.externaltools.gnu-tools-for-stm32.10.3-2021.10.win32_1.0.100.202210260954/tools/bin/../lib/gcc/arm-none-eabi/10.3.1/thumb/v7e-m+fp/hard/crtbegin.o
 *(.init)
 .init          0x0000000008006eb8        0x4 c:/st/stm32cubeide_1.11.0/stm32cubeide/plugins/com.st.stm32cube.ide.mcu.externaltools.gnu-tools-for-stm32.10.3-2021.10.win32_1.0.100.202210260954/tools/bin/../lib/gcc/arm-none-eabi/10.3.1/thumb/v7e-m+fp/hard/crti.o
                0x0000000008006eb8                _init
 .init          0x0000000008006ebc        0x8 c:/st/stm32cubeide_1.11.0/stm32cubeide/plugins/com.st.stm32cube.ide.mcu.externaltools.gnu-tools-for-stm32.10.3-2021.10.win32_1.0.100.202210260954/tools/bin/../lib/gcc/arm-none-eabi/10.3.1/thumb/v7e-m+fp/hard/crtn.o
 *(.fini)
 .fini          0x0000000008006ec4        0x4 c:/st/stm32cubeide_1.11.0/stm32cubeide/plugins/com.st.stm32cube.ide.mcu.externaltools.gnu-tools-for-stm32.10.3-2021.10.win32_1.0.100.202210260954/tools/bin/../lib/gcc/arm-none-eabi/10.3.1/thumb/v7e-m+fp/hard/crti.o
                0x0000000008006ec4                _fini
 .fini          0x0000000008006ec8        0x8 c:/st/stm32cubeide_1.11.0/stm32cubeide/plugins/com.st.stm32cube.ide.mcu.externaltools.gnu-tools-for-stm32.10.3-2021.10.win32_1.0.100.202210260954/tools/bin/../lib/gcc/arm-none-eabi/10.3.1/thumb/v7e-m+fp/hard/crtn.o
                0x0000000008006ed0                . = ALIGN (0x4)
                0x0000000008006ed0                _etext = .

.vfp11_veneer   0x0000000008006ed0        0x0
 .vfp11_veneer  0x0000000008006ed0        0x0 linker stubs

.v4_bx          0x0000000008006ed0        0x0
 .v4_bx         0x0000000008006ed0        0x0 linker stubs

.iplt           0x0000000008006ed0        0x0
 .iplt          0x0000000008006ed0        0x0 c:/st/stm32cubeide_1.11.0/stm32cubeide/plugins/com.st.stm32cube.ide.mcu.externaltools.gnu-tools-for-stm32.10.3-2021.10.win32_1.0.100.202210260954/tools/bin/../lib/gcc/arm-none-eabi/10.3.1/thumb/v7e-m+fp/hard/crtbegin.o

.rodata         0x0000000008006ed0       0x90
                0x0000000008006ed0                . = ALIGN (0x4)
 *(.rodata)
 .rodata        0x0000000008006ed0       0x13 ./Core/Src/MPU9250.o
 *(.rodata*)
 *fill*         0x0000000008006ee3        0x1 
 .rodata.AHBPrescTable
                0x0000000008006ee4       0x10 ./Core/Src/system_stm32g4xx.o
                0x0000000008006ee4                AHBPrescTable
 .rodata.APBPrescTable
                0x0000000008006ef4        0x8 ./Core/Src/system_stm32g4xx.o
                0x0000000008006ef4                APBPrescTable
 .rodata.UARTPrescTable
                0x0000000008006efc       0x18 ./Drivers/STM32G4xx_HAL_Driver/Src/stm32g4xx_hal_uart.o
                0x0000000008006efc                UARTPrescTable
 .rodata.numerator.1
                0x0000000008006f14        0x8 ./Drivers/STM32G4xx_HAL_Driver/Src/stm32g4xx_hal_uart_ex.o
 .rodata.denominator.0
                0x0000000008006f1c        0x8 ./Drivers/STM32G4xx_HAL_Driver/Src/stm32g4xx_hal_uart_ex.o
 .rodata.asinf.str1.1
                0x0000000008006f24        0x1 c:/st/stm32cubeide_1.11.0/stm32cubeide/plugins/com.st.stm32cube.ide.mcu.externaltools.gnu-tools-for-stm32.10.3-2021.10.win32_1.0.100.202210260954/tools/bin/../lib/gcc/arm-none-eabi/10.3.1/../../../../arm-none-eabi/lib/thumb/v7e-m+fp/hard\libm.a(lib_a-wf_asin.o)
 *fill*         0x0000000008006f25        0x3 
 .rodata.CSWTCH.8
                0x0000000008006f28        0xc c:/st/stm32cubeide_1.11.0/stm32cubeide/plugins/com.st.stm32cube.ide.mcu.externaltools.gnu-tools-for-stm32.10.3-2021.10.win32_1.0.100.202210260954/tools/bin/../lib/gcc/arm-none-eabi/10.3.1/../../../../arm-none-eabi/lib/thumb/v7e-m+fp/hard\libm.a(lib_a-ef_atan2.o)
 .rodata.CSWTCH.9
                0x0000000008006f34        0xc c:/st/stm32cubeide_1.11.0/stm32cubeide/plugins/com.st.stm32cube.ide.mcu.externaltools.gnu-tools-for-stm32.10.3-2021.10.win32_1.0.100.202210260954/tools/bin/../lib/gcc/arm-none-eabi/10.3.1/../../../../arm-none-eabi/lib/thumb/v7e-m+fp/hard\libm.a(lib_a-ef_atan2.o)
 .rodata.atanhi
                0x0000000008006f40       0x10 c:/st/stm32cubeide_1.11.0/stm32cubeide/plugins/com.st.stm32cube.ide.mcu.externaltools.gnu-tools-for-stm32.10.3-2021.10.win32_1.0.100.202210260954/tools/bin/../lib/gcc/arm-none-eabi/10.3.1/../../../../arm-none-eabi/lib/thumb/v7e-m+fp/hard\libm.a(lib_a-sf_atan.o)
 .rodata.atanlo
                0x0000000008006f50       0x10 c:/st/stm32cubeide_1.11.0/stm32cubeide/plugins/com.st.stm32cube.ide.mcu.externaltools.gnu-tools-for-stm32.10.3-2021.10.win32_1.0.100.202210260954/tools/bin/../lib/gcc/arm-none-eabi/10.3.1/../../../../arm-none-eabi/lib/thumb/v7e-m+fp/hard\libm.a(lib_a-sf_atan.o)
                0x0000000008006f60                . = ALIGN (0x4)

.ARM.extab      0x0000000008006f60        0x0
                0x0000000008006f60                . = ALIGN (0x4)
 *(.ARM.extab* .gnu.linkonce.armextab.*)
                0x0000000008006f60                . = ALIGN (0x4)

.ARM            0x0000000008006f60        0x8
                0x0000000008006f60                . = ALIGN (0x4)
                0x0000000008006f60                __exidx_start = .
 *(.ARM.exidx*)
 .ARM.exidx     0x0000000008006f60        0x8 c:/st/stm32cubeide_1.11.0/stm32cubeide/plugins/com.st.stm32cube.ide.mcu.externaltools.gnu-tools-for-stm32.10.3-2021.10.win32_1.0.100.202210260954/tools/bin/../lib/gcc/arm-none-eabi/10.3.1/thumb/v7e-m+fp/hard\libgcc.a(_udivmoddi4.o)
                0x0000000008006f68                __exidx_end = .
                0x0000000008006f68                . = ALIGN (0x4)

.rel.dyn        0x0000000008006f68        0x0
 .rel.iplt      0x0000000008006f68        0x0 c:/st/stm32cubeide_1.11.0/stm32cubeide/plugins/com.st.stm32cube.ide.mcu.externaltools.gnu-tools-for-stm32.10.3-2021.10.win32_1.0.100.202210260954/tools/bin/../lib/gcc/arm-none-eabi/10.3.1/thumb/v7e-m+fp/hard/crtbegin.o

.preinit_array  0x0000000008006f68        0x0
                0x0000000008006f68                . = ALIGN (0x4)
                0x0000000008006f68                PROVIDE (__preinit_array_start = .)
 *(.preinit_array*)
                0x0000000008006f68                PROVIDE (__preinit_array_end = .)
                0x0000000008006f68                . = ALIGN (0x4)

.init_array     0x0000000008006f68        0x4
                0x0000000008006f68                . = ALIGN (0x4)
                0x0000000008006f68                PROVIDE (__init_array_start = .)
 *(SORT_BY_NAME(.init_array.*))
 *(.init_array*)
 .init_array    0x0000000008006f68        0x4 c:/st/stm32cubeide_1.11.0/stm32cubeide/plugins/com.st.stm32cube.ide.mcu.externaltools.gnu-tools-for-stm32.10.3-2021.10.win32_1.0.100.202210260954/tools/bin/../lib/gcc/arm-none-eabi/10.3.1/thumb/v7e-m+fp/hard/crtbegin.o
                0x0000000008006f6c                PROVIDE (__init_array_end = .)
                0x0000000008006f6c                . = ALIGN (0x4)

.fini_array     0x0000000008006f6c        0x4
                0x0000000008006f6c                . = ALIGN (0x4)
                [!provide]                        PROVIDE (__fini_array_start = .)
 *(SORT_BY_NAME(.fini_array.*))
 *(.fini_array*)
 .fini_array    0x0000000008006f6c        0x4 c:/st/stm32cubeide_1.11.0/stm32cubeide/plugins/com.st.stm32cube.ide.mcu.externaltools.gnu-tools-for-stm32.10.3-2021.10.win32_1.0.100.202210260954/tools/bin/../lib/gcc/arm-none-eabi/10.3.1/thumb/v7e-m+fp/hard/crtbegin.o
                [!provide]                        PROVIDE (__fini_array_end = .)
                0x0000000008006f70                . = ALIGN (0x4)
                0x0000000008006f70                _sidata = LOADADDR (.data)

.data           0x0000000020000000       0x88 load address 0x0000000008006f70
                0x0000000020000000                . = ALIGN (0x4)
                0x0000000020000000                _sdata = .
 *(.data)
 *(.data*)
 .data.Gscale   0x0000000020000000        0x1 ./Core/Src/MPU9250.o
                0x0000000020000000                Gscale
 .data.Ascale   0x0000000020000001        0x1 ./Core/Src/MPU9250.o
                0x0000000020000001                Ascale
 .data.Mscale   0x0000000020000002        0x1 ./Core/Src/MPU9250.o
                0x0000000020000002                Mscale
 .data.Mmode    0x0000000020000003        0x1 ./Core/Src/MPU9250.o
                0x0000000020000003                Mmode
 .data.beta     0x0000000020000004        0x4 ./Core/Src/MPU9250.o
                0x0000000020000004                beta
 .data.q        0x0000000020000008       0x10 ./Core/Src/MPU9250.o
                0x0000000020000008                q
 .data.SystemCoreClock
                0x0000000020000018        0x4 ./Core/Src/system_stm32g4xx.o
                0x0000000020000018                SystemCoreClock
 .data.uwTickPrio
                0x000000002000001c        0x4 ./Drivers/STM32G4xx_HAL_Driver/Src/stm32g4xx_hal.o
                0x000000002000001c                uwTickPrio
 .data.uwTickFreq
                0x0000000020000020        0x4 ./Drivers/STM32G4xx_HAL_Driver/Src/stm32g4xx_hal.o
                0x0000000020000020                uwTickFreq
 .data._impure_ptr
                0x0000000020000024        0x4 c:/st/stm32cubeide_1.11.0/stm32cubeide/plugins/com.st.stm32cube.ide.mcu.externaltools.gnu-tools-for-stm32.10.3-2021.10.win32_1.0.100.202210260954/tools/bin/../lib/gcc/arm-none-eabi/10.3.1/../../../../arm-none-eabi/lib/thumb/v7e-m+fp/hard\libc_nano.a(lib_a-impure.o)
                0x0000000020000024                _impure_ptr
 .data.impure_data
                0x0000000020000028       0x60 c:/st/stm32cubeide_1.11.0/stm32cubeide/plugins/com.st.stm32cube.ide.mcu.externaltools.gnu-tools-for-stm32.10.3-2021.10.win32_1.0.100.202210260954/tools/bin/../lib/gcc/arm-none-eabi/10.3.1/../../../../arm-none-eabi/lib/thumb/v7e-m+fp/hard\libc_nano.a(lib_a-impure.o)
 *(.RamFunc)
 *(.RamFunc*)
                0x0000000020000088                . = ALIGN (0x4)
                0x0000000020000088                _edata = .

.igot.plt       0x0000000020000088        0x0 load address 0x0000000008006ff8
 .igot.plt      0x0000000020000088        0x0 c:/st/stm32cubeide_1.11.0/stm32cubeide/plugins/com.st.stm32cube.ide.mcu.externaltools.gnu-tools-for-stm32.10.3-2021.10.win32_1.0.100.202210260954/tools/bin/../lib/gcc/arm-none-eabi/10.3.1/thumb/v7e-m+fp/hard/crtbegin.o
                0x0000000020000088                . = ALIGN (0x4)

.bss            0x0000000020000088      0x1fc load address 0x0000000008006ff8
                0x0000000020000088                _sbss = .
                0x0000000020000088                __bss_start__ = _sbss
 *(.bss)
 .bss           0x0000000020000088       0x1c c:/st/stm32cubeide_1.11.0/stm32cubeide/plugins/com.st.stm32cube.ide.mcu.externaltools.gnu-tools-for-stm32.10.3-2021.10.win32_1.0.100.202210260954/tools/bin/../lib/gcc/arm-none-eabi/10.3.1/thumb/v7e-m+fp/hard/crtbegin.o
 *(.bss*)
 .bss.gyroRes   0x00000000200000a4        0x4 ./Core/Src/MPU9250.o
                0x00000000200000a4                gyroRes
 .bss.accelRes  0x00000000200000a8        0x4 ./Core/Src/MPU9250.o
                0x00000000200000a8                accelRes
 .bss.magRes    0x00000000200000ac        0x4 ./Core/Src/MPU9250.o
                0x00000000200000ac                magRes
 .bss.gyroOut   0x00000000200000b0        0x6 ./Core/Src/MPU9250.o
                0x00000000200000b0                gyroOut
 *fill*         0x00000000200000b6        0x2 
 .bss.accelOut  0x00000000200000b8        0x6 ./Core/Src/MPU9250.o
                0x00000000200000b8                accelOut
 *fill*         0x00000000200000be        0x2 
 .bss.magOut    0x00000000200000c0        0x6 ./Core/Src/MPU9250.o
                0x00000000200000c0                magOut
 *fill*         0x00000000200000c6        0x2 
 .bss.gyrobias  0x00000000200000c8        0xc ./Core/Src/MPU9250.o
                0x00000000200000c8                gyrobias
 .bss.accelbias
                0x00000000200000d4        0xc ./Core/Src/MPU9250.o
                0x00000000200000d4                accelbias
 .bss.magBias   0x00000000200000e0        0xc ./Core/Src/MPU9250.o
                0x00000000200000e0                magBias
 .bss.magScale  0x00000000200000ec        0xc ./Core/Src/MPU9250.o
                0x00000000200000ec                magScale
 .bss.magCalibration
                0x00000000200000f8        0xc ./Core/Src/MPU9250.o
                0x00000000200000f8                magCalibration
 .bss.pitch     0x0000000020000104        0x4 ./Core/Src/MPU9250.o
                0x0000000020000104                pitch
 .bss.yaw       0x0000000020000108        0x4 ./Core/Src/MPU9250.o
                0x0000000020000108                yaw
 .bss.roll      0x000000002000010c        0x4 ./Core/Src/MPU9250.o
                0x000000002000010c                roll
 .bss.deltaT    0x0000000020000110        0x4 ./Core/Src/MPU9250.o
                0x0000000020000110                deltaT
 .bss.sum       0x0000000020000114        0x4 ./Core/Src/MPU9250.o
                0x0000000020000114                sum
 .bss.lastUpdate
                0x0000000020000118        0x4 ./Core/Src/MPU9250.o
                0x0000000020000118                lastUpdate
 .bss.now       0x000000002000011c        0x4 ./Core/Src/MPU9250.o
                0x000000002000011c                now
 .bss.ax        0x0000000020000120        0x4 ./Core/Src/MPU9250.o
                0x0000000020000120                ax
 .bss.ay        0x0000000020000124        0x4 ./Core/Src/MPU9250.o
                0x0000000020000124                ay
 .bss.az        0x0000000020000128        0x4 ./Core/Src/MPU9250.o
                0x0000000020000128                az
 .bss.gx        0x000000002000012c        0x4 ./Core/Src/MPU9250.o
                0x000000002000012c                gx
 .bss.gy        0x0000000020000130        0x4 ./Core/Src/MPU9250.o
                0x0000000020000130                gy
 .bss.gz        0x0000000020000134        0x4 ./Core/Src/MPU9250.o
                0x0000000020000134                gz
 .bss.mx        0x0000000020000138        0x4 ./Core/Src/MPU9250.o
                0x0000000020000138                mx
 .bss.my        0x000000002000013c        0x4 ./Core/Src/MPU9250.o
                0x000000002000013c                my
 .bss.mz        0x0000000020000140        0x4 ./Core/Src/MPU9250.o
                0x0000000020000140                mz
 .bss.lin_ax    0x0000000020000144        0x4 ./Core/Src/MPU9250.o
                0x0000000020000144                lin_ax
 .bss.lin_ay    0x0000000020000148        0x4 ./Core/Src/MPU9250.o
                0x0000000020000148                lin_ay
 .bss.lin_az    0x000000002000014c        0x4 ./Core/Src/MPU9250.o
                0x000000002000014c                lin_az
 .bss.a12       0x0000000020000150        0x4 ./Core/Src/MPU9250.o
                0x0000000020000150                a12
 .bss.a22       0x0000000020000154        0x4 ./Core/Src/MPU9250.o
                0x0000000020000154                a22
 .bss.a31       0x0000000020000158        0x4 ./Core/Src/MPU9250.o
                0x0000000020000158                a31
 .bss.a32       0x000000002000015c        0x4 ./Core/Src/MPU9250.o
                0x000000002000015c                a32
 .bss.a33       0x0000000020000160        0x4 ./Core/Src/MPU9250.o
                0x0000000020000160                a33
 .bss.hi2c1     0x0000000020000164       0x54 ./Core/Src/main.o
                0x0000000020000164                hi2c1
 .bss.hlpuart1  0x00000000200001b8       0x94 ./Core/Src/main.o
                0x00000000200001b8                hlpuart1
 .bss.mpu9250   0x000000002000024c       0x30 ./Core/Src/main.o
                0x000000002000024c                mpu9250
 .bss.timestamp.0
                0x000000002000027c        0x4 ./Core/Src/main.o
 .bss.uwTick    0x0000000020000280        0x4 ./Drivers/STM32G4xx_HAL_Driver/Src/stm32g4xx_hal.o
                0x0000000020000280                uwTick
 *(COMMON)
                0x0000000020000284                . = ALIGN (0x4)
                0x0000000020000284                _ebss = .
                0x0000000020000284                __bss_end__ = _ebss

._user_heap_stack
                0x0000000020000284      0x604 load address 0x0000000008006ff8
                0x0000000020000288                . = ALIGN (0x8)
 *fill*         0x0000000020000284        0x4 
                [!provide]                        PROVIDE (end = .)
                0x0000000020000288                PROVIDE (_end = .)
                0x0000000020000488                . = (. + _Min_Heap_Size)
 *fill*         0x0000000020000288      0x200 
                0x0000000020000888                . = (. + _Min_Stack_Size)
 *fill*         0x0000000020000488      0x400 
                0x0000000020000888                . = ALIGN (0x8)

/DISCARD/
 libc.a(*)
 libm.a(*)
 libgcc.a(*)

.ARM.attributes
                0x0000000000000000       0x30
 *(.ARM.attributes)
 .ARM.attributes
                0x0000000000000000       0x1e c:/st/stm32cubeide_1.11.0/stm32cubeide/plugins/com.st.stm32cube.ide.mcu.externaltools.gnu-tools-for-stm32.10.3-2021.10.win32_1.0.100.202210260954/tools/bin/../lib/gcc/arm-none-eabi/10.3.1/thumb/v7e-m+fp/hard/crti.o
 .ARM.attributes
                0x000000000000001e       0x34 c:/st/stm32cubeide_1.11.0/stm32cubeide/plugins/com.st.stm32cube.ide.mcu.externaltools.gnu-tools-for-stm32.10.3-2021.10.win32_1.0.100.202210260954/tools/bin/../lib/gcc/arm-none-eabi/10.3.1/thumb/v7e-m+fp/hard/crtbegin.o
 .ARM.attributes
                0x0000000000000052       0x34 ./Core/Src/MPU9250.o
 .ARM.attributes
                0x0000000000000086       0x34 ./Core/Src/main.o
 .ARM.attributes
                0x00000000000000ba       0x34 ./Core/Src/stm32g4xx_hal_msp.o
 .ARM.attributes
                0x00000000000000ee       0x34 ./Core/Src/stm32g4xx_it.o
 .ARM.attributes
                0x0000000000000122       0x34 ./Core/Src/system_stm32g4xx.o
 .ARM.attributes
                0x0000000000000156       0x21 ./Core/Startup/startup_stm32g474retx.o
 .ARM.attributes
                0x0000000000000177       0x34 ./Drivers/STM32G4xx_HAL_Driver/Src/stm32g4xx_hal.o
 .ARM.attributes
                0x00000000000001ab       0x34 ./Drivers/STM32G4xx_HAL_Driver/Src/stm32g4xx_hal_cortex.o
 .ARM.attributes
                0x00000000000001df       0x34 ./Drivers/STM32G4xx_HAL_Driver/Src/stm32g4xx_hal_gpio.o
 .ARM.attributes
                0x0000000000000213       0x34 ./Drivers/STM32G4xx_HAL_Driver/Src/stm32g4xx_hal_i2c.o
 .ARM.attributes
                0x0000000000000247       0x34 ./Drivers/STM32G4xx_HAL_Driver/Src/stm32g4xx_hal_i2c_ex.o
 .ARM.attributes
                0x000000000000027b       0x34 ./Drivers/STM32G4xx_HAL_Driver/Src/stm32g4xx_hal_pwr_ex.o
 .ARM.attributes
                0x00000000000002af       0x34 ./Drivers/STM32G4xx_HAL_Driver/Src/stm32g4xx_hal_rcc.o
 .ARM.attributes
                0x00000000000002e3       0x34 ./Drivers/STM32G4xx_HAL_Driver/Src/stm32g4xx_hal_rcc_ex.o
 .ARM.attributes
                0x0000000000000317       0x34 ./Drivers/STM32G4xx_HAL_Driver/Src/stm32g4xx_hal_uart.o
 .ARM.attributes
                0x000000000000034b       0x34 ./Drivers/STM32G4xx_HAL_Driver/Src/stm32g4xx_hal_uart_ex.o
 .ARM.attributes
                0x000000000000037f       0x34 c:/st/stm32cubeide_1.11.0/stm32cubeide/plugins/com.st.stm32cube.ide.mcu.externaltools.gnu-tools-for-stm32.10.3-2021.10.win32_1.0.100.202210260954/tools/bin/../lib/gcc/arm-none-eabi/10.3.1/../../../../arm-none-eabi/lib/thumb/v7e-m+fp/hard\libc_nano.a(lib_a-errno.o)
 .ARM.attributes
                0x00000000000003b3       0x34 c:/st/stm32cubeide_1.11.0/stm32cubeide/plugins/com.st.stm32cube.ide.mcu.externaltools.gnu-tools-for-stm32.10.3-2021.10.win32_1.0.100.202210260954/tools/bin/../lib/gcc/arm-none-eabi/10.3.1/../../../../arm-none-eabi/lib/thumb/v7e-m+fp/hard\libc_nano.a(lib_a-impure.o)
 .ARM.attributes
                0x00000000000003e7       0x34 c:/st/stm32cubeide_1.11.0/stm32cubeide/plugins/com.st.stm32cube.ide.mcu.externaltools.gnu-tools-for-stm32.10.3-2021.10.win32_1.0.100.202210260954/tools/bin/../lib/gcc/arm-none-eabi/10.3.1/../../../../arm-none-eabi/lib/thumb/v7e-m+fp/hard\libc_nano.a(lib_a-init.o)
 .ARM.attributes
                0x000000000000041b       0x34 c:/st/stm32cubeide_1.11.0/stm32cubeide/plugins/com.st.stm32cube.ide.mcu.externaltools.gnu-tools-for-stm32.10.3-2021.10.win32_1.0.100.202210260954/tools/bin/../lib/gcc/arm-none-eabi/10.3.1/../../../../arm-none-eabi/lib/thumb/v7e-m+fp/hard\libc_nano.a(lib_a-memset.o)
 .ARM.attributes
                0x000000000000044f       0x34 c:/st/stm32cubeide_1.11.0/stm32cubeide/plugins/com.st.stm32cube.ide.mcu.externaltools.gnu-tools-for-stm32.10.3-2021.10.win32_1.0.100.202210260954/tools/bin/../lib/gcc/arm-none-eabi/10.3.1/../../../../arm-none-eabi/lib/thumb/v7e-m+fp/hard\libm.a(lib_a-wf_asin.o)
 .ARM.attributes
                0x0000000000000483       0x34 c:/st/stm32cubeide_1.11.0/stm32cubeide/plugins/com.st.stm32cube.ide.mcu.externaltools.gnu-tools-for-stm32.10.3-2021.10.win32_1.0.100.202210260954/tools/bin/../lib/gcc/arm-none-eabi/10.3.1/../../../../arm-none-eabi/lib/thumb/v7e-m+fp/hard\libm.a(lib_a-wf_atan2.o)
 .ARM.attributes
                0x00000000000004b7       0x34 c:/st/stm32cubeide_1.11.0/stm32cubeide/plugins/com.st.stm32cube.ide.mcu.externaltools.gnu-tools-for-stm32.10.3-2021.10.win32_1.0.100.202210260954/tools/bin/../lib/gcc/arm-none-eabi/10.3.1/../../../../arm-none-eabi/lib/thumb/v7e-m+fp/hard\libm.a(lib_a-wf_sqrt.o)
 .ARM.attributes
                0x00000000000004eb       0x34 c:/st/stm32cubeide_1.11.0/stm32cubeide/plugins/com.st.stm32cube.ide.mcu.externaltools.gnu-tools-for-stm32.10.3-2021.10.win32_1.0.100.202210260954/tools/bin/../lib/gcc/arm-none-eabi/10.3.1/../../../../arm-none-eabi/lib/thumb/v7e-m+fp/hard\libm.a(lib_a-ef_asin.o)
 .ARM.attributes
                0x000000000000051f       0x34 c:/st/stm32cubeide_1.11.0/stm32cubeide/plugins/com.st.stm32cube.ide.mcu.externaltools.gnu-tools-for-stm32.10.3-2021.10.win32_1.0.100.202210260954/tools/bin/../lib/gcc/arm-none-eabi/10.3.1/../../../../arm-none-eabi/lib/thumb/v7e-m+fp/hard\libm.a(lib_a-ef_atan2.o)
 .ARM.attributes
                0x0000000000000553       0x34 c:/st/stm32cubeide_1.11.0/stm32cubeide/plugins/com.st.stm32cube.ide.mcu.externaltools.gnu-tools-for-stm32.10.3-2021.10.win32_1.0.100.202210260954/tools/bin/../lib/gcc/arm-none-eabi/10.3.1/../../../../arm-none-eabi/lib/thumb/v7e-m+fp/hard\libm.a(lib_a-ef_sqrt.o)
 .ARM.attributes
                0x0000000000000587       0x34 c:/st/stm32cubeide_1.11.0/stm32cubeide/plugins/com.st.stm32cube.ide.mcu.externaltools.gnu-tools-for-stm32.10.3-2021.10.win32_1.0.100.202210260954/tools/bin/../lib/gcc/arm-none-eabi/10.3.1/../../../../arm-none-eabi/lib/thumb/v7e-m+fp/hard\libm.a(lib_a-sf_atan.o)
 .ARM.attributes
                0x00000000000005bb       0x34 c:/st/stm32cubeide_1.11.0/stm32cubeide/plugins/com.st.stm32cube.ide.mcu.externaltools.gnu-tools-for-stm32.10.3-2021.10.win32_1.0.100.202210260954/tools/bin/../lib/gcc/arm-none-eabi/10.3.1/../../../../arm-none-eabi/lib/thumb/v7e-m+fp/hard\libm.a(lib_a-sf_fabs.o)
 .ARM.attributes
                0x00000000000005ef       0x34 c:/st/stm32cubeide_1.11.0/stm32cubeide/plugins/com.st.stm32cube.ide.mcu.externaltools.gnu-tools-for-stm32.10.3-2021.10.win32_1.0.100.202210260954/tools/bin/../lib/gcc/arm-none-eabi/10.3.1/../../../../arm-none-eabi/lib/thumb/v7e-m+fp/hard\libm.a(lib_a-sf_nan.o)
 .ARM.attributes
                0x0000000000000623       0x1e c:/st/stm32cubeide_1.11.0/stm32cubeide/plugins/com.st.stm32cube.ide.mcu.externaltools.gnu-tools-for-stm32.10.3-2021.10.win32_1.0.100.202210260954/tools/bin/../lib/gcc/arm-none-eabi/10.3.1/thumb/v7e-m+fp/hard\libgcc.a(_arm_addsubdf3.o)
 .ARM.attributes
                0x0000000000000641       0x1e c:/st/stm32cubeide_1.11.0/stm32cubeide/plugins/com.st.stm32cube.ide.mcu.externaltools.gnu-tools-for-stm32.10.3-2021.10.win32_1.0.100.202210260954/tools/bin/../lib/gcc/arm-none-eabi/10.3.1/thumb/v7e-m+fp/hard\libgcc.a(_arm_muldivdf3.o)
 .ARM.attributes
                0x000000000000065f       0x1e c:/st/stm32cubeide_1.11.0/stm32cubeide/plugins/com.st.stm32cube.ide.mcu.externaltools.gnu-tools-for-stm32.10.3-2021.10.win32_1.0.100.202210260954/tools/bin/../lib/gcc/arm-none-eabi/10.3.1/thumb/v7e-m+fp/hard\libgcc.a(_arm_truncdfsf2.o)
 .ARM.attributes
                0x000000000000067d       0x1e c:/st/stm32cubeide_1.11.0/stm32cubeide/plugins/com.st.stm32cube.ide.mcu.externaltools.gnu-tools-for-stm32.10.3-2021.10.win32_1.0.100.202210260954/tools/bin/../lib/gcc/arm-none-eabi/10.3.1/thumb/v7e-m+fp/hard\libgcc.a(_aeabi_uldivmod.o)
 .ARM.attributes
                0x000000000000069b       0x34 c:/st/stm32cubeide_1.11.0/stm32cubeide/plugins/com.st.stm32cube.ide.mcu.externaltools.gnu-tools-for-stm32.10.3-2021.10.win32_1.0.100.202210260954/tools/bin/../lib/gcc/arm-none-eabi/10.3.1/thumb/v7e-m+fp/hard\libgcc.a(_udivmoddi4.o)
 .ARM.attributes
                0x00000000000006cf       0x1e c:/st/stm32cubeide_1.11.0/stm32cubeide/plugins/com.st.stm32cube.ide.mcu.externaltools.gnu-tools-for-stm32.10.3-2021.10.win32_1.0.100.202210260954/tools/bin/../lib/gcc/arm-none-eabi/10.3.1/thumb/v7e-m+fp/hard\libgcc.a(_dvmd_tls.o)
 .ARM.attributes
                0x00000000000006ed       0x1e c:/st/stm32cubeide_1.11.0/stm32cubeide/plugins/com.st.stm32cube.ide.mcu.externaltools.gnu-tools-for-stm32.10.3-2021.10.win32_1.0.100.202210260954/tools/bin/../lib/gcc/arm-none-eabi/10.3.1/thumb/v7e-m+fp/hard/crtn.o
OUTPUT(IMU6500.elf elf32-littlearm)
LOAD linker stubs
LOAD c:/st/stm32cubeide_1.11.0/stm32cubeide/plugins/com.st.stm32cube.ide.mcu.externaltools.gnu-tools-for-stm32.10.3-2021.10.win32_1.0.100.202210260954/tools/bin/../lib/gcc/arm-none-eabi/10.3.1/../../../../arm-none-eabi/lib/thumb/v7e-m+fp/hard\libc.a
LOAD c:/st/stm32cubeide_1.11.0/stm32cubeide/plugins/com.st.stm32cube.ide.mcu.externaltools.gnu-tools-for-stm32.10.3-2021.10.win32_1.0.100.202210260954/tools/bin/../lib/gcc/arm-none-eabi/10.3.1/../../../../arm-none-eabi/lib/thumb/v7e-m+fp/hard\libm.a
LOAD c:/st/stm32cubeide_1.11.0/stm32cubeide/plugins/com.st.stm32cube.ide.mcu.externaltools.gnu-tools-for-stm32.10.3-2021.10.win32_1.0.100.202210260954/tools/bin/../lib/gcc/arm-none-eabi/10.3.1/thumb/v7e-m+fp/hard\libgcc.a

.debug_info     0x0000000000000000    0x118b2
 .debug_info    0x0000000000000000     0x18de ./Core/Src/MPU9250.o
 .debug_info    0x00000000000018de     0x168b ./Core/Src/main.o
 .debug_info    0x0000000000002f69     0x116b ./Core/Src/stm32g4xx_hal_msp.o
 .debug_info    0x00000000000040d4      0x15f ./Core/Src/stm32g4xx_it.o
 .debug_info    0x0000000000004233      0x59f ./Core/Src/system_stm32g4xx.o
 .debug_info    0x00000000000047d2       0x22 ./Core/Startup/startup_stm32g474retx.o
 .debug_info    0x00000000000047f4      0xbe2 ./Drivers/STM32G4xx_HAL_Driver/Src/stm32g4xx_hal.o
 .debug_info    0x00000000000053d6      0xe7e ./Drivers/STM32G4xx_HAL_Driver/Src/stm32g4xx_hal_cortex.o
 .debug_info    0x0000000000006254      0x82f ./Drivers/STM32G4xx_HAL_Driver/Src/stm32g4xx_hal_gpio.o
 .debug_info    0x0000000000006a83     0x240b ./Drivers/STM32G4xx_HAL_Driver/Src/stm32g4xx_hal_i2c.o
 .debug_info    0x0000000000008e8e      0xb6f ./Drivers/STM32G4xx_HAL_Driver/Src/stm32g4xx_hal_i2c_ex.o
 .debug_info    0x00000000000099fd      0x983 ./Drivers/STM32G4xx_HAL_Driver/Src/stm32g4xx_hal_pwr_ex.o
 .debug_info    0x000000000000a380      0xcb7 ./Drivers/STM32G4xx_HAL_Driver/Src/stm32g4xx_hal_rcc.o
 .debug_info    0x000000000000b037      0xd32 ./Drivers/STM32G4xx_HAL_Driver/Src/stm32g4xx_hal_rcc_ex.o
 .debug_info    0x000000000000bd69     0x4abe ./Drivers/STM32G4xx_HAL_Driver/Src/stm32g4xx_hal_uart.o
 .debug_info    0x0000000000010827     0x108b ./Drivers/STM32G4xx_HAL_Driver/Src/stm32g4xx_hal_uart_ex.o

.debug_abbrev   0x0000000000000000     0x20b9
 .debug_abbrev  0x0000000000000000      0x27c ./Core/Src/MPU9250.o
 .debug_abbrev  0x000000000000027c      0x28e ./Core/Src/main.o
 .debug_abbrev  0x000000000000050a      0x1e3 ./Core/Src/stm32g4xx_hal_msp.o
 .debug_abbrev  0x00000000000006ed       0x9f ./Core/Src/stm32g4xx_it.o
 .debug_abbrev  0x000000000000078c      0x116 ./Core/Src/system_stm32g4xx.o
 .debug_abbrev  0x00000000000008a2       0x12 ./Core/Startup/startup_stm32g474retx.o
 .debug_abbrev  0x00000000000008b4      0x269 ./Drivers/STM32G4xx_HAL_Driver/Src/stm32g4xx_hal.o
 .debug_abbrev  0x0000000000000b1d      0x30d ./Drivers/STM32G4xx_HAL_Driver/Src/stm32g4xx_hal_cortex.o
 .debug_abbrev  0x0000000000000e2a      0x1bb ./Drivers/STM32G4xx_HAL_Driver/Src/stm32g4xx_hal_gpio.o
 .debug_abbrev  0x0000000000000fe5      0x24a ./Drivers/STM32G4xx_HAL_Driver/Src/stm32g4xx_hal_i2c.o
 .debug_abbrev  0x000000000000122f      0x1b0 ./Drivers/STM32G4xx_HAL_Driver/Src/stm32g4xx_hal_i2c_ex.o
 .debug_abbrev  0x00000000000013df      0x229 ./Drivers/STM32G4xx_HAL_Driver/Src/stm32g4xx_hal_pwr_ex.o
 .debug_abbrev  0x0000000000001608      0x2bd ./Drivers/STM32G4xx_HAL_Driver/Src/stm32g4xx_hal_rcc.o
 .debug_abbrev  0x00000000000018c5      0x247 ./Drivers/STM32G4xx_HAL_Driver/Src/stm32g4xx_hal_rcc_ex.o
 .debug_abbrev  0x0000000000001b0c      0x2f0 ./Drivers/STM32G4xx_HAL_Driver/Src/stm32g4xx_hal_uart.o
 .debug_abbrev  0x0000000000001dfc      0x2bd ./Drivers/STM32G4xx_HAL_Driver/Src/stm32g4xx_hal_uart_ex.o

.debug_aranges  0x0000000000000000      0xcd8
 .debug_aranges
                0x0000000000000000       0x80 ./Core/Src/MPU9250.o
 .debug_aranges
                0x0000000000000080       0x48 ./Core/Src/main.o
 .debug_aranges
                0x00000000000000c8       0x40 ./Core/Src/stm32g4xx_hal_msp.o
 .debug_aranges
                0x0000000000000108       0x68 ./Core/Src/stm32g4xx_it.o
 .debug_aranges
                0x0000000000000170       0x28 ./Core/Src/system_stm32g4xx.o
 .debug_aranges
                0x0000000000000198       0x28 ./Core/Startup/startup_stm32g474retx.o
 .debug_aranges
                0x00000000000001c0      0x148 ./Drivers/STM32G4xx_HAL_Driver/Src/stm32g4xx_hal.o
 .debug_aranges
                0x0000000000000308      0x118 ./Drivers/STM32G4xx_HAL_Driver/Src/stm32g4xx_hal_cortex.o
 .debug_aranges
                0x0000000000000420       0x58 ./Drivers/STM32G4xx_HAL_Driver/Src/stm32g4xx_hal_gpio.o
 .debug_aranges
                0x0000000000000478      0x2a0 ./Drivers/STM32G4xx_HAL_Driver/Src/stm32g4xx_hal_i2c.o
 .debug_aranges
                0x0000000000000718       0x48 ./Drivers/STM32G4xx_HAL_Driver/Src/stm32g4xx_hal_i2c_ex.o
 .debug_aranges
                0x0000000000000760      0x140 ./Drivers/STM32G4xx_HAL_Driver/Src/stm32g4xx_hal_pwr_ex.o
 .debug_aranges
                0x00000000000008a0       0x98 ./Drivers/STM32G4xx_HAL_Driver/Src/stm32g4xx_hal_rcc.o
 .debug_aranges
                0x0000000000000938       0xb0 ./Drivers/STM32G4xx_HAL_Driver/Src/stm32g4xx_hal_rcc_ex.o
 .debug_aranges
                0x00000000000009e8      0x248 ./Drivers/STM32G4xx_HAL_Driver/Src/stm32g4xx_hal_uart.o
 .debug_aranges
                0x0000000000000c30       0xa8 ./Drivers/STM32G4xx_HAL_Driver/Src/stm32g4xx_hal_uart_ex.o

.debug_ranges   0x0000000000000000      0xc10
 .debug_ranges  0x0000000000000000       0x70 ./Core/Src/MPU9250.o
 .debug_ranges  0x0000000000000070       0x38 ./Core/Src/main.o
 .debug_ranges  0x00000000000000a8       0x30 ./Core/Src/stm32g4xx_hal_msp.o
 .debug_ranges  0x00000000000000d8       0x58 ./Core/Src/stm32g4xx_it.o
 .debug_ranges  0x0000000000000130       0x18 ./Core/Src/system_stm32g4xx.o
 .debug_ranges  0x0000000000000148       0x20 ./Core/Startup/startup_stm32g474retx.o
 .debug_ranges  0x0000000000000168      0x138 ./Drivers/STM32G4xx_HAL_Driver/Src/stm32g4xx_hal.o
 .debug_ranges  0x00000000000002a0      0x108 ./Drivers/STM32G4xx_HAL_Driver/Src/stm32g4xx_hal_cortex.o
 .debug_ranges  0x00000000000003a8       0x48 ./Drivers/STM32G4xx_HAL_Driver/Src/stm32g4xx_hal_gpio.o
 .debug_ranges  0x00000000000003f0      0x290 ./Drivers/STM32G4xx_HAL_Driver/Src/stm32g4xx_hal_i2c.o
 .debug_ranges  0x0000000000000680       0x38 ./Drivers/STM32G4xx_HAL_Driver/Src/stm32g4xx_hal_i2c_ex.o
 .debug_ranges  0x00000000000006b8      0x130 ./Drivers/STM32G4xx_HAL_Driver/Src/stm32g4xx_hal_pwr_ex.o
 .debug_ranges  0x00000000000007e8       0x88 ./Drivers/STM32G4xx_HAL_Driver/Src/stm32g4xx_hal_rcc.o
 .debug_ranges  0x0000000000000870       0xa0 ./Drivers/STM32G4xx_HAL_Driver/Src/stm32g4xx_hal_rcc_ex.o
 .debug_ranges  0x0000000000000910      0x268 ./Drivers/STM32G4xx_HAL_Driver/Src/stm32g4xx_hal_uart.o
 .debug_ranges  0x0000000000000b78       0x98 ./Drivers/STM32G4xx_HAL_Driver/Src/stm32g4xx_hal_uart_ex.o

.debug_macro    0x0000000000000000    0x2534c
 .debug_macro   0x0000000000000000      0x2c1 ./Core/Src/MPU9250.o
 .debug_macro   0x00000000000002c1      0xa78 ./Core/Src/MPU9250.o
 .debug_macro   0x0000000000000d39      0x15b ./Core/Src/MPU9250.o
 .debug_macro   0x0000000000000e94       0x2e ./Core/Src/MPU9250.o
 .debug_macro   0x0000000000000ec2       0x28 ./Core/Src/MPU9250.o
 .debug_macro   0x0000000000000eea       0x22 ./Core/Src/MPU9250.o
 .debug_macro   0x0000000000000f0c       0x8e ./Core/Src/MPU9250.o
 .debug_macro   0x0000000000000f9a       0x51 ./Core/Src/MPU9250.o
 .debug_macro   0x0000000000000feb      0x103 ./Core/Src/MPU9250.o
 .debug_macro   0x00000000000010ee       0x6a ./Core/Src/MPU9250.o
 .debug_macro   0x0000000000001158      0x1df ./Core/Src/MPU9250.o
 .debug_macro   0x0000000000001337       0x1c ./Core/Src/MPU9250.o
 .debug_macro   0x0000000000001353       0x22 ./Core/Src/MPU9250.o
 .debug_macro   0x0000000000001375       0xfb ./Core/Src/MPU9250.o
 .debug_macro   0x0000000000001470     0x1011 ./Core/Src/MPU9250.o
 .debug_macro   0x0000000000002481      0x11f ./Core/Src/MPU9250.o
 .debug_macro   0x00000000000025a0    0x18b45 ./Core/Src/MPU9250.o
 .debug_macro   0x000000000001b0e5       0x6d ./Core/Src/MPU9250.o
 .debug_macro   0x000000000001b152     0x354d ./Core/Src/MPU9250.o
 .debug_macro   0x000000000001e69f      0x174 ./Core/Src/MPU9250.o
 .debug_macro   0x000000000001e813       0x5c ./Core/Src/MPU9250.o
 .debug_macro   0x000000000001e86f     0x171f ./Core/Src/MPU9250.o
 .debug_macro   0x000000000001ff8e      0x600 ./Core/Src/MPU9250.o
 .debug_macro   0x000000000002058e      0x1b6 ./Core/Src/MPU9250.o
 .debug_macro   0x0000000000020744      0x34a ./Core/Src/MPU9250.o
 .debug_macro   0x0000000000020a8e      0x53c ./Core/Src/MPU9250.o
 .debug_macro   0x0000000000020fca      0x18b ./Core/Src/MPU9250.o
 .debug_macro   0x0000000000021155       0x43 ./Core/Src/MPU9250.o
 .debug_macro   0x0000000000021198      0x23d ./Core/Src/MPU9250.o
 .debug_macro   0x00000000000213d5      0x211 ./Core/Src/MPU9250.o
 .debug_macro   0x00000000000215e6      0x45c ./Core/Src/MPU9250.o
 .debug_macro   0x0000000000021a42      0x11c ./Core/Src/MPU9250.o
 .debug_macro   0x0000000000021b5e      0x22c ./Core/Src/MPU9250.o
 .debug_macro   0x0000000000021d8a       0x61 ./Core/Src/MPU9250.o
 .debug_macro   0x0000000000021deb       0xa5 ./Core/Src/MPU9250.o
 .debug_macro   0x0000000000021e90      0x122 ./Core/Src/MPU9250.o
 .debug_macro   0x0000000000021fb2      0x3d1 ./Core/Src/MPU9250.o
 .debug_macro   0x0000000000022383      0x693 ./Core/Src/MPU9250.o
 .debug_macro   0x0000000000022a16       0xa6 ./Core/Src/MPU9250.o
 .debug_macro   0x0000000000022abc      0x358 ./Core/Src/MPU9250.o
 .debug_macro   0x0000000000022e14       0x5e ./Core/Src/MPU9250.o
 .debug_macro   0x0000000000022e72       0x52 ./Core/Src/MPU9250.o
 .debug_macro   0x0000000000022ec4       0x1e ./Core/Src/MPU9250.o
 .debug_macro   0x0000000000022ee2       0x3c ./Core/Src/MPU9250.o
 .debug_macro   0x0000000000022f1e       0x34 ./Core/Src/MPU9250.o
 .debug_macro   0x0000000000022f52       0x16 ./Core/Src/MPU9250.o
 .debug_macro   0x0000000000022f68       0x43 ./Core/Src/MPU9250.o
 .debug_macro   0x0000000000022fab       0x34 ./Core/Src/MPU9250.o
 .debug_macro   0x0000000000022fdf       0x10 ./Core/Src/MPU9250.o
 .debug_macro   0x0000000000022fef       0x58 ./Core/Src/MPU9250.o
 .debug_macro   0x0000000000023047       0x71 ./Core/Src/MPU9250.o
 .debug_macro   0x00000000000230b8       0x1c ./Core/Src/MPU9250.o
 .debug_macro   0x00000000000230d4      0x12a ./Core/Src/MPU9250.o
 .debug_macro   0x00000000000231fe      0x341 ./Core/Src/MPU9250.o
 .debug_macro   0x000000000002353f      0x19b ./Core/Src/MPU9250.o
 .debug_macro   0x00000000000236da      0x2a5 ./Core/Src/main.o
 .debug_macro   0x000000000002397f      0x1e2 ./Core/Src/stm32g4xx_hal_msp.o
 .debug_macro   0x0000000000023b61      0x1ec ./Core/Src/stm32g4xx_it.o
 .debug_macro   0x0000000000023d4d      0x1d3 ./Core/Src/system_stm32g4xx.o
 .debug_macro   0x0000000000023f20      0x221 ./Drivers/STM32G4xx_HAL_Driver/Src/stm32g4xx_hal.o
 .debug_macro   0x0000000000024141      0x1d3 ./Drivers/STM32G4xx_HAL_Driver/Src/stm32g4xx_hal_cortex.o
 .debug_macro   0x0000000000024314      0x1da ./Drivers/STM32G4xx_HAL_Driver/Src/stm32g4xx_hal_gpio.o
 .debug_macro   0x00000000000244ee      0x29f ./Drivers/STM32G4xx_HAL_Driver/Src/stm32g4xx_hal_i2c.o
 .debug_macro   0x000000000002478d      0x1d3 ./Drivers/STM32G4xx_HAL_Driver/Src/stm32g4xx_hal_i2c_ex.o
 .debug_macro   0x0000000000024960      0x1fd ./Drivers/STM32G4xx_HAL_Driver/Src/stm32g4xx_hal_pwr_ex.o
 .debug_macro   0x0000000000024b5d      0x215 ./Drivers/STM32G4xx_HAL_Driver/Src/stm32g4xx_hal_rcc.o
 .debug_macro   0x0000000000024d72      0x1fd ./Drivers/STM32G4xx_HAL_Driver/Src/stm32g4xx_hal_rcc_ex.o
 .debug_macro   0x0000000000024f6f      0x1fe ./Drivers/STM32G4xx_HAL_Driver/Src/stm32g4xx_hal_uart.o
 .debug_macro   0x000000000002516d      0x1df ./Drivers/STM32G4xx_HAL_Driver/Src/stm32g4xx_hal_uart_ex.o

.debug_line     0x0000000000000000    0x11298
 .debug_line    0x0000000000000000     0x1798 ./Core/Src/MPU9250.o
 .debug_line    0x0000000000001798      0x9a0 ./Core/Src/main.o
 .debug_line    0x0000000000002138      0x7b3 ./Core/Src/stm32g4xx_hal_msp.o
 .debug_line    0x00000000000028eb      0x7b9 ./Core/Src/stm32g4xx_it.o
 .debug_line    0x00000000000030a4      0x748 ./Core/Src/system_stm32g4xx.o
 .debug_line    0x00000000000037ec       0x89 ./Core/Startup/startup_stm32g474retx.o
 .debug_line    0x0000000000003875      0xb07 ./Drivers/STM32G4xx_HAL_Driver/Src/stm32g4xx_hal.o
 .debug_line    0x000000000000437c      0xc72 ./Drivers/STM32G4xx_HAL_Driver/Src/stm32g4xx_hal_cortex.o
 .debug_line    0x0000000000004fee      0xb02 ./Drivers/STM32G4xx_HAL_Driver/Src/stm32g4xx_hal_gpio.o
 .debug_line    0x0000000000005af0     0x390a ./Drivers/STM32G4xx_HAL_Driver/Src/stm32g4xx_hal_i2c.o
 .debug_line    0x00000000000093fa      0x8fc ./Drivers/STM32G4xx_HAL_Driver/Src/stm32g4xx_hal_i2c_ex.o
 .debug_line    0x0000000000009cf6      0xc76 ./Drivers/STM32G4xx_HAL_Driver/Src/stm32g4xx_hal_pwr_ex.o
 .debug_line    0x000000000000a96c      0xed2 ./Drivers/STM32G4xx_HAL_Driver/Src/stm32g4xx_hal_rcc.o
 .debug_line    0x000000000000b83e     0x11e2 ./Drivers/STM32G4xx_HAL_Driver/Src/stm32g4xx_hal_rcc_ex.o
 .debug_line    0x000000000000ca20     0x3b4e ./Drivers/STM32G4xx_HAL_Driver/Src/stm32g4xx_hal_uart.o
 .debug_line    0x000000000001056e      0xd2a ./Drivers/STM32G4xx_HAL_Driver/Src/stm32g4xx_hal_uart_ex.o

.debug_str      0x0000000000000000    0xec6aa
 .debug_str     0x0000000000000000    0xe831d ./Core/Src/MPU9250.o
                                      0xe8694 (size before relaxing)
 .debug_str     0x00000000000e831d      0xc93 ./Core/Src/main.o
                                      0xe88dd (size before relaxing)
 .debug_str     0x00000000000e8fb0      0x288 ./Core/Src/stm32g4xx_hal_msp.o
                                      0xe4bbd (size before relaxing)
 .debug_str     0x00000000000e9238       0xf7 ./Core/Src/stm32g4xx_it.o
                                      0xe402e (size before relaxing)
 .debug_str     0x00000000000e932f       0xdb ./Core/Src/system_stm32g4xx.o
                                      0xe400e (size before relaxing)
 .debug_str     0x00000000000e940a       0x36 ./Core/Startup/startup_stm32g474retx.o
                                         0x4b (size before relaxing)
 .debug_str     0x00000000000e9440      0x5d2 ./Drivers/STM32G4xx_HAL_Driver/Src/stm32g4xx_hal.o
                                      0xe4d20 (size before relaxing)
 .debug_str     0x00000000000e9a12      0x327 ./Drivers/STM32G4xx_HAL_Driver/Src/stm32g4xx_hal_cortex.o
                                      0xe49a4 (size before relaxing)
 .debug_str     0x00000000000e9d39       0xf7 ./Drivers/STM32G4xx_HAL_Driver/Src/stm32g4xx_hal_gpio.o
                                      0xe4199 (size before relaxing)
 .debug_str     0x00000000000e9e30      0xdd9 ./Drivers/STM32G4xx_HAL_Driver/Src/stm32g4xx_hal_i2c.o
                                      0xe530f (size before relaxing)
 .debug_str     0x00000000000eac09       0xb8 ./Drivers/STM32G4xx_HAL_Driver/Src/stm32g4xx_hal_i2c_ex.o
                                      0xe462d (size before relaxing)
 .debug_str     0x00000000000eacc1      0x4a5 ./Drivers/STM32G4xx_HAL_Driver/Src/stm32g4xx_hal_pwr_ex.o
                                      0xe44fc (size before relaxing)
 .debug_str     0x00000000000eb166      0x4fb ./Drivers/STM32G4xx_HAL_Driver/Src/stm32g4xx_hal_rcc.o
                                      0xe472d (size before relaxing)
 .debug_str     0x00000000000eb661      0x402 ./Drivers/STM32G4xx_HAL_Driver/Src/stm32g4xx_hal_rcc_ex.o
                                      0xe4757 (size before relaxing)
 .debug_str     0x00000000000eba63      0x9dc ./Drivers/STM32G4xx_HAL_Driver/Src/stm32g4xx_hal_uart.o
                                      0xe4fc9 (size before relaxing)
 .debug_str     0x00000000000ec43f      0x26b ./Drivers/STM32G4xx_HAL_Driver/Src/stm32g4xx_hal_uart_ex.o
                                      0xe47c7 (size before relaxing)

.comment        0x0000000000000000       0x50
 .comment       0x0000000000000000       0x50 ./Core/Src/MPU9250.o
                                         0x51 (size before relaxing)
 .comment       0x0000000000000050       0x51 ./Core/Src/main.o
 .comment       0x0000000000000050       0x51 ./Core/Src/stm32g4xx_hal_msp.o
 .comment       0x0000000000000050       0x51 ./Core/Src/stm32g4xx_it.o
 .comment       0x0000000000000050       0x51 ./Core/Src/system_stm32g4xx.o
 .comment       0x0000000000000050       0x51 ./Drivers/STM32G4xx_HAL_Driver/Src/stm32g4xx_hal.o
 .comment       0x0000000000000050       0x51 ./Drivers/STM32G4xx_HAL_Driver/Src/stm32g4xx_hal_cortex.o
 .comment       0x0000000000000050       0x51 ./Drivers/STM32G4xx_HAL_Driver/Src/stm32g4xx_hal_gpio.o
 .comment       0x0000000000000050       0x51 ./Drivers/STM32G4xx_HAL_Driver/Src/stm32g4xx_hal_i2c.o
 .comment       0x0000000000000050       0x51 ./Drivers/STM32G4xx_HAL_Driver/Src/stm32g4xx_hal_i2c_ex.o
 .comment       0x0000000000000050       0x51 ./Drivers/STM32G4xx_HAL_Driver/Src/stm32g4xx_hal_pwr_ex.o
 .comment       0x0000000000000050       0x51 ./Drivers/STM32G4xx_HAL_Driver/Src/stm32g4xx_hal_rcc.o
 .comment       0x0000000000000050       0x51 ./Drivers/STM32G4xx_HAL_Driver/Src/stm32g4xx_hal_rcc_ex.o
 .comment       0x0000000000000050       0x51 ./Drivers/STM32G4xx_HAL_Driver/Src/stm32g4xx_hal_uart.o
 .comment       0x0000000000000050       0x51 ./Drivers/STM32G4xx_HAL_Driver/Src/stm32g4xx_hal_uart_ex.o

.debug_frame    0x0000000000000000     0x3800
 .debug_frame   0x0000000000000000      0x214 ./Core/Src/MPU9250.o
 .debug_frame   0x0000000000000214       0xc4 ./Core/Src/main.o
 .debug_frame   0x00000000000002d8       0xcc ./Core/Src/stm32g4xx_hal_msp.o
 .debug_frame   0x00000000000003a4      0x120 ./Core/Src/stm32g4xx_it.o
 .debug_frame   0x00000000000004c4       0x58 ./Core/Src/system_stm32g4xx.o
 .debug_frame   0x000000000000051c      0x500 ./Drivers/STM32G4xx_HAL_Driver/Src/stm32g4xx_hal.o
 .debug_frame   0x0000000000000a1c      0x498 ./Drivers/STM32G4xx_HAL_Driver/Src/stm32g4xx_hal_cortex.o
 .debug_frame   0x0000000000000eb4      0x14c ./Drivers/STM32G4xx_HAL_Driver/Src/stm32g4xx_hal_gpio.o
 .debug_frame   0x0000000000001000      0xc38 ./Drivers/STM32G4xx_HAL_Driver/Src/stm32g4xx_hal_i2c.o
 .debug_frame   0x0000000000001c38      0x100 ./Drivers/STM32G4xx_HAL_Driver/Src/stm32g4xx_hal_i2c_ex.o
 .debug_frame   0x0000000000001d38      0x4fc ./Drivers/STM32G4xx_HAL_Driver/Src/stm32g4xx_hal_pwr_ex.o
 .debug_frame   0x0000000000002234      0x23c ./Drivers/STM32G4xx_HAL_Driver/Src/stm32g4xx_hal_rcc.o
 .debug_frame   0x0000000000002470      0x2ac ./Drivers/STM32G4xx_HAL_Driver/Src/stm32g4xx_hal_rcc_ex.o
 .debug_frame   0x000000000000271c      0xa94 ./Drivers/STM32G4xx_HAL_Driver/Src/stm32g4xx_hal_uart.o
 .debug_frame   0x00000000000031b0      0x2c0 ./Drivers/STM32G4xx_HAL_Driver/Src/stm32g4xx_hal_uart_ex.o
 .debug_frame   0x0000000000003470       0x20 c:/st/stm32cubeide_1.11.0/stm32cubeide/plugins/com.st.stm32cube.ide.mcu.externaltools.gnu-tools-for-stm32.10.3-2021.10.win32_1.0.100.202210260954/tools/bin/../lib/gcc/arm-none-eabi/10.3.1/../../../../arm-none-eabi/lib/thumb/v7e-m+fp/hard\libc_nano.a(lib_a-errno.o)
 .debug_frame   0x0000000000003490       0x2c c:/st/stm32cubeide_1.11.0/stm32cubeide/plugins/com.st.stm32cube.ide.mcu.externaltools.gnu-tools-for-stm32.10.3-2021.10.win32_1.0.100.202210260954/tools/bin/../lib/gcc/arm-none-eabi/10.3.1/../../../../arm-none-eabi/lib/thumb/v7e-m+fp/hard\libc_nano.a(lib_a-init.o)
 .debug_frame   0x00000000000034bc       0x20 c:/st/stm32cubeide_1.11.0/stm32cubeide/plugins/com.st.stm32cube.ide.mcu.externaltools.gnu-tools-for-stm32.10.3-2021.10.win32_1.0.100.202210260954/tools/bin/../lib/gcc/arm-none-eabi/10.3.1/../../../../arm-none-eabi/lib/thumb/v7e-m+fp/hard\libc_nano.a(lib_a-memset.o)
 .debug_frame   0x00000000000034dc       0x48 c:/st/stm32cubeide_1.11.0/stm32cubeide/plugins/com.st.stm32cube.ide.mcu.externaltools.gnu-tools-for-stm32.10.3-2021.10.win32_1.0.100.202210260954/tools/bin/../lib/gcc/arm-none-eabi/10.3.1/../../../../arm-none-eabi/lib/thumb/v7e-m+fp/hard\libm.a(lib_a-wf_asin.o)
 .debug_frame   0x0000000000003524       0x20 c:/st/stm32cubeide_1.11.0/stm32cubeide/plugins/com.st.stm32cube.ide.mcu.externaltools.gnu-tools-for-stm32.10.3-2021.10.win32_1.0.100.202210260954/tools/bin/../lib/gcc/arm-none-eabi/10.3.1/../../../../arm-none-eabi/lib/thumb/v7e-m+fp/hard\libm.a(lib_a-wf_atan2.o)
 .debug_frame   0x0000000000003544       0x38 c:/st/stm32cubeide_1.11.0/stm32cubeide/plugins/com.st.stm32cube.ide.mcu.externaltools.gnu-tools-for-stm32.10.3-2021.10.win32_1.0.100.202210260954/tools/bin/../lib/gcc/arm-none-eabi/10.3.1/../../../../arm-none-eabi/lib/thumb/v7e-m+fp/hard\libm.a(lib_a-wf_sqrt.o)
 .debug_frame   0x000000000000357c       0x48 c:/st/stm32cubeide_1.11.0/stm32cubeide/plugins/com.st.stm32cube.ide.mcu.externaltools.gnu-tools-for-stm32.10.3-2021.10.win32_1.0.100.202210260954/tools/bin/../lib/gcc/arm-none-eabi/10.3.1/../../../../arm-none-eabi/lib/thumb/v7e-m+fp/hard\libm.a(lib_a-ef_asin.o)
 .debug_frame   0x00000000000035c4       0x30 c:/st/stm32cubeide_1.11.0/stm32cubeide/plugins/com.st.stm32cube.ide.mcu.externaltools.gnu-tools-for-stm32.10.3-2021.10.win32_1.0.100.202210260954/tools/bin/../lib/gcc/arm-none-eabi/10.3.1/../../../../arm-none-eabi/lib/thumb/v7e-m+fp/hard\libm.a(lib_a-ef_atan2.o)
 .debug_frame   0x00000000000035f4       0x20 c:/st/stm32cubeide_1.11.0/stm32cubeide/plugins/com.st.stm32cube.ide.mcu.externaltools.gnu-tools-for-stm32.10.3-2021.10.win32_1.0.100.202210260954/tools/bin/../lib/gcc/arm-none-eabi/10.3.1/../../../../arm-none-eabi/lib/thumb/v7e-m+fp/hard\libm.a(lib_a-ef_sqrt.o)
 .debug_frame   0x0000000000003614       0x2c c:/st/stm32cubeide_1.11.0/stm32cubeide/plugins/com.st.stm32cube.ide.mcu.externaltools.gnu-tools-for-stm32.10.3-2021.10.win32_1.0.100.202210260954/tools/bin/../lib/gcc/arm-none-eabi/10.3.1/../../../../arm-none-eabi/lib/thumb/v7e-m+fp/hard\libm.a(lib_a-sf_atan.o)
 .debug_frame   0x0000000000003640       0x20 c:/st/stm32cubeide_1.11.0/stm32cubeide/plugins/com.st.stm32cube.ide.mcu.externaltools.gnu-tools-for-stm32.10.3-2021.10.win32_1.0.100.202210260954/tools/bin/../lib/gcc/arm-none-eabi/10.3.1/../../../../arm-none-eabi/lib/thumb/v7e-m+fp/hard\libm.a(lib_a-sf_fabs.o)
 .debug_frame   0x0000000000003660       0x20 c:/st/stm32cubeide_1.11.0/stm32cubeide/plugins/com.st.stm32cube.ide.mcu.externaltools.gnu-tools-for-stm32.10.3-2021.10.win32_1.0.100.202210260954/tools/bin/../lib/gcc/arm-none-eabi/10.3.1/../../../../arm-none-eabi/lib/thumb/v7e-m+fp/hard\libm.a(lib_a-sf_nan.o)
 .debug_frame   0x0000000000003680       0xac c:/st/stm32cubeide_1.11.0/stm32cubeide/plugins/com.st.stm32cube.ide.mcu.externaltools.gnu-tools-for-stm32.10.3-2021.10.win32_1.0.100.202210260954/tools/bin/../lib/gcc/arm-none-eabi/10.3.1/thumb/v7e-m+fp/hard\libgcc.a(_arm_addsubdf3.o)
 .debug_frame   0x000000000000372c       0x50 c:/st/stm32cubeide_1.11.0/stm32cubeide/plugins/com.st.stm32cube.ide.mcu.externaltools.gnu-tools-for-stm32.10.3-2021.10.win32_1.0.100.202210260954/tools/bin/../lib/gcc/arm-none-eabi/10.3.1/thumb/v7e-m+fp/hard\libgcc.a(_arm_muldivdf3.o)
 .debug_frame   0x000000000000377c       0x24 c:/st/stm32cubeide_1.11.0/stm32cubeide/plugins/com.st.stm32cube.ide.mcu.externaltools.gnu-tools-for-stm32.10.3-2021.10.win32_1.0.100.202210260954/tools/bin/../lib/gcc/arm-none-eabi/10.3.1/thumb/v7e-m+fp/hard\libgcc.a(_arm_truncdfsf2.o)
 .debug_frame   0x00000000000037a0       0x2c c:/st/stm32cubeide_1.11.0/stm32cubeide/plugins/com.st.stm32cube.ide.mcu.externaltools.gnu-tools-for-stm32.10.3-2021.10.win32_1.0.100.202210260954/tools/bin/../lib/gcc/arm-none-eabi/10.3.1/thumb/v7e-m+fp/hard\libgcc.a(_aeabi_uldivmod.o)
 .debug_frame   0x00000000000037cc       0x34 c:/st/stm32cubeide_1.11.0/stm32cubeide/plugins/com.st.stm32cube.ide.mcu.externaltools.gnu-tools-for-stm32.10.3-2021.10.win32_1.0.100.202210260954/tools/bin/../lib/gcc/arm-none-eabi/10.3.1/thumb/v7e-m+fp/hard\libgcc.a(_udivmoddi4.o)
